CC_PMA_NATIVE_INPUT vertices=65537 static_edges=4 logical_updates=2 physical_updates=2 final_edges=6 pma_slots=48 source_external=0 source_internal=2 max_supersteps=16 oracle_supersteps=2 oracle_converged=1
Using XCL_DEVICE_INDEX=0
CC_PMA_NATIVE_HOST stage=launch_grasu
CC_PMA_NATIVE_HOST stage=enqueue_barrier
CC_PMA_NATIVE_HOST stage=enqueued_barrier
CC_PMA_NATIVE_HOST stage=launch_step step=1
CC_PMA_NATIVE_HOST stage=enqueue_hbm step=1
CC_PMA_NATIVE_HOST stage=enqueued_hbm step=1
CC_PMA_NATIVE_HOST stage=enqueue_apply step=1
CC_PMA_NATIVE_HOST stage=enqueued_apply step=1
CC_PMA_NATIVE_HOST stage=wait_step step=1
CC_PMA_NATIVE_SUPERSTEP step=1 adapter_ms=67.610895 lksg_ms=34.161828 apply_ms=34.219329 hbm_ms=34.256920 active_vertices=2
CC_PMA_NATIVE_HOST stage=launch_step step=2
CC_PMA_NATIVE_HOST stage=enqueue_hbm step=2
CC_PMA_NATIVE_HOST stage=enqueued_hbm step=2
CC_PMA_NATIVE_HOST stage=enqueue_apply step=2
CC_PMA_NATIVE_HOST stage=enqueued_apply step=2
CC_PMA_NATIVE_HOST stage=wait_step step=2
CC_PMA_NATIVE_SUPERSTEP step=2 adapter_ms=67.625976 lksg_ms=34.183989 apply_ms=34.251381 hbm_ms=34.291051 active_vertices=0
CC_PMA_NATIVE_TIMING grasu_ms=0.611918 barrier_ms=0.074942 adapter_ms=135.236871 lksg_ms=68.345817 apply_ms=68.470710 hbm_ms=68.547971 event_e2e_ms=136.325023 convergence_readback_ms=0.265918 setup_inclusive_ms=136.811337 wall_ms=136.811337
CC_PMA_NATIVE_RESULT status=PASS mismatches=0 vertices=65537 final_edges=6 logical_updates=2 physical_updates=2 destination_partitions=2 shared_regraph_pipelines=1 pma_slots_per_partition_pass=48 processed_edge_slots_per_superstep=96 source_external=0 source_internal=2 max_supersteps=16 executed_supersteps=2 hardware_converged=1 oracle_supersteps=2 oracle_converged=1 final_active_vertices=0 algorithm=connected_components conversion_cost=absent
