Copyright 1986-2022 Xilinx, Inc. All Rights Reserved. Copyright 2022-2024 Advanced Micro Devices, Inc. All Rights Reserved.
---------------------------------------------------------------------------------------------------------------------------------------------
| Tool Version : Vivado v.2024.1 (lin64) Build 5076996 Wed May 22 18:36:09 MDT 2024
| Date         : Thu Aug  6 06:52:31 2026
| Host         : trifoliate running 64-bit Debian GNU/Linux trixie/sid
| Command      : report_utilization -slr -file slr_util_routed.rpt -pb slr_util_routed.pb
| Design       : level0_wrapper
| Device       : xcu55c-fsvh2892-2L-e
| Speed File   : -2L
| Design State : Routed
---------------------------------------------------------------------------------------------------------------------------------------------

Utilization Design Information

Table of Contents
-----------------
1. SLR Connectivity
2. SLR Connectivity Matrix
3. SLR CLB Logic and Dedicated Block Utilization
4. SLR IO Utilization

1. SLR Connectivity
-------------------

+----------------------------------+-------+-------+-----------+-------+
|                                  |  Used | Fixed | Available | Util% |
+----------------------------------+-------+-------+-----------+-------+
| SLR2 <-> SLR1                    |  8755 |       |     23040 | 38.00 |
|   SLR1 -> SLR2                   |  4626 |       |           | 20.08 |
|     Using TX_REG only            |     0 |     0 |           |       |
|     Using RX_REG only            |     0 |     0 |           |       |
|     Using Both TX_REG and RX_REG |     0 |     0 |           |       |
|   SLR2 -> SLR1                   |  4129 |       |           | 17.92 |
|     Using TX_REG only            |     0 |     0 |           |       |
|     Using RX_REG only            |     0 |     0 |           |       |
|     Using Both TX_REG and RX_REG |     0 |     0 |           |       |
| SLR1 <-> SLR0                    | 17658 |       |     23040 | 76.64 |
|   SLR0 -> SLR1                   |  8758 |       |           | 38.01 |
|     Using TX_REG only            |     0 |     0 |           |       |
|     Using RX_REG only            |     0 |     0 |           |       |
|     Using Both TX_REG and RX_REG |     0 |     0 |           |       |
|   SLR1 -> SLR0                   |  8900 |       |           | 38.63 |
|     Using TX_REG only            |     0 |     0 |           |       |
|     Using RX_REG only            |     0 |     0 |           |       |
|     Using Both TX_REG and RX_REG |     0 |     0 |           |       |
+----------------------------------+-------+-------+-----------+-------+
| Total SLLs Used                  | 26413 |       |           |       |
+----------------------------------+-------+-------+-----------+-------+


2. SLR Connectivity Matrix
--------------------------

+-----------+------+------+------+
| FROM \ TO | SLR2 | SLR1 | SLR0 |
+-----------+------+------+------+
| SLR2      |    0 | 4029 |  100 |
| SLR1      | 4563 |    0 | 8800 |
| SLR0      |   63 | 8695 |    0 |
+-----------+------+------+------+


3. SLR CLB Logic and Dedicated Block Utilization
------------------------------------------------

+----------------------------+--------+--------+-------+--------+--------+--------+
|          Site Type         |  SLR0  |  SLR1  |  SLR2 | SLR0 % | SLR1 % | SLR2 % |
+----------------------------+--------+--------+-------+--------+--------+--------+
| CLB                        |  32746 |  52568 | 16909 |  59.58 |  97.35 |  31.31 |
|   CLBL                     |  16812 |  27941 |  8746 |  57.42 |  95.43 |  29.87 |
|   CLBM                     |  15934 |  24627 |  8163 |  62.05 |  99.62 |  33.02 |
| CLB LUTs                   |  82646 | 291001 | 68547 |  18.80 |  67.36 |  15.87 |
|   LUT as Logic             |  66352 | 236155 | 57728 |  15.09 |  54.67 |  13.36 |
|     using O5 output only   |   1485 |   2290 |   946 |   0.34 |   0.53 |   0.22 |
|     using O6 output only   |  50842 | 180514 | 42872 |  11.56 |  41.79 |   9.92 |
|     using O5 and O6        |  14025 |  53351 | 13910 |   3.19 |  12.35 |   3.22 |
|   LUT as Memory            |  16294 |  54846 | 10819 |   7.93 |  27.73 |   5.47 |
|     LUT as Distributed RAM |   4878 |  12268 |  3768 |   2.37 |   6.20 |   1.91 |
|       using O6 output only |    250 |    522 |    12 |   0.12 |   0.26 |  <0.01 |
|       using O5 and O6      |   4628 |  11746 |  3756 |   2.25 |   5.94 |   1.90 |
|     LUT as Shift Register  |  11416 |  42578 |  7051 |   5.56 |  21.53 |   3.57 |
|       using O6 output only |   9380 |  39270 |  6105 |   4.57 |  19.86 |   3.09 |
|       using O5 and O6      |   2036 |   3308 |   946 |   0.99 |   1.67 |   0.48 |
| CLB Registers              | 166696 | 422100 | 92370 |  18.96 |  48.85 |  10.69 |
| CARRY8                     |    891 |   7879 |   646 |   1.62 |  14.59 |   1.20 |
| F7 Muxes                   |   4204 |   8146 |  4246 |   1.91 |   3.77 |   1.97 |
| F8 Muxes                   |    448 |   2039 |     4 |   0.41 |   1.89 |  <0.01 |
| F9 Muxes                   |      0 |      0 |     0 |   0.00 |   0.00 |   0.00 |
| Block RAM Tile             |    161 |    241 | 100.5 |  23.96 |  35.86 |  14.96 |
|   RAMB36/FIFO              |    153 |    235 |    99 |  22.77 |  34.97 |  14.73 |
|   RAMB18                   |     16 |     12 |     3 |   1.19 |   0.89 |   0.22 |
| URAM                       |     64 |      0 |     0 |  20.00 |   0.00 |   0.00 |
| DSPs                       |     44 |    356 |     4 |   1.53 |  11.59 |   0.13 |
| Unique Control Sets        |   3227 |   7296 |  2241 |   2.94 |   6.76 |   2.08 |
+----------------------------+--------+--------+-------+--------+--------+--------+
* Note: Available Control Sets based on CLB Registers / 8


4. SLR IO Utilization
---------------------

+-----------+-----------+---------+------------+----------+------------+----------+-----+
| SLR Index | Used IOBs | (%)IOBs | Used IPADs | (%)IPADs | Used OPADs | (%)OPADs | GTs |
+-----------+-----------+---------+------------+----------+------------+----------+-----+
| SLR2      |         0 |    0.00 |          0 |     0.00 |          0 |     0.00 |   0 |
| SLR1      |         0 |    0.00 |          0 |     0.00 |          0 |     0.00 |   0 |
| SLR0      |        12 |    5.77 |          0 |     0.00 |          0 |     0.00 |  16 |
+-----------+-----------+---------+------------+----------+------------+----------+-----+
| Total     |        12 |         |          0 |          |          0 |          |  16 |
+-----------+-----------+---------+------------+----------+------------+----------+-----+


