Copyright 1986-2022 Xilinx, Inc. All Rights Reserved. Copyright 2022-2024 Advanced Micro Devices, Inc. All Rights Reserved.
--------------------------------------------------------------------------------------------------------------------------------------------------------------------------------------------------------------------------------------------------------------------------------------------------------------------------------------------------------------------------------------------------------------------------------------------------------------------------------------------------------------------------------------------------------------------------------------------------------------------------------------------------------------------------------------------------------------------------------------------------------------------------------------------------------------------------------------------------------------------------------------------------------------------------------------------------------------------------------------------------------------------------------------------------------------------------------------------------------------------------------------------------------------------------------------------------------------------------------------------------------
| Tool Version : Vivado v.2024.1 (lin64) Build 5076996 Wed May 22 18:36:09 MDT 2024
| Date         : Thu Aug  6 06:51:38 2026
| Host         : trifoliate running 64-bit Debian GNU/Linux trixie/sid
| Command      : report_accelerator_utilization -kernels { bin_search:level0_i/ulp/bin_search_1/inst:bin_search_1 bin_search:level0_i/ulp/bin_search_2/inst:bin_search_2 bin_search:level0_i/ulp/bin_search_3/inst:bin_search_3 bin_search:level0_i/ulp/bin_search_4/inst:bin_search_4 dispatch_degree:level0_i/ulp/dispatch_degree_1/inst:dispatch_degree_1 grasu_degree_update:level0_i/ulp/grasu_degree_update_1/inst:grasu_degree_update_1 kernelHBMWrapper:level0_i/ulp/kernelHBMWrapper_1/inst:kernelHBMWrapper_1 kernelLittleGSMerger:level0_i/ulp/kernelLittleGSMerger_1/inst:kernelLittleGSMerger_1 lksg_stream:level0_i/ulp/lksg_stream_1/inst:lksg_stream_1 pma_to_regraph_adapter:level0_i/ulp/pma_to_regraph_adapter_1/inst:pma_to_regraph_adapter_1 regraph_pagerank_source_prepare:level0_i/ulp/pr_source_1/inst:pr_source_1 process_cache:level0_i/ulp/process_cache_1/inst:process_cache_1 process_cache:level0_i/ulp/process_cache_2/inst:process_cache_2 process_ddr:level0_i/ulp/process_ddr_1/inst:process_ddr_1 process_ddr:level0_i/ulp/process_ddr_2/inst:process_ddr_2 regraph_pagerank_apply:level0_i/ulp/regraph_pagerank_apply_1/inst:regraph_pagerank_apply_1} -file kernel_util_routed.rpt -name kernel_util_routed -json
| Design       : level0_wrapper
| Device       : xcu55c
| Design State : Routed
--------------------------------------------------------------------------------------------------------------------------------------------------------------------------------------------------------------------------------------------------------------------------------------------------------------------------------------------------------------------------------------------------------------------------------------------------------------------------------------------------------------------------------------------------------------------------------------------------------------------------------------------------------------------------------------------------------------------------------------------------------------------------------------------------------------------------------------------------------------------------------------------------------------------------------------------------------------------------------------------------------------------------------------------------------------------------------------------------------------------------------------------------------------------------------------------------------------------------------------------------------

Accelerator Utilization Design Information

Table of Contents
-----------------
1. System Utilization

1. System Utilization
---------------------

+---------------------------------+-------------------+------------------+-------------------+----------------+---------------+----------------+
| Name                            | LUT               | LUTAsMem         | REG               | BRAM           | URAM          | DSP            |
+---------------------------------+-------------------+------------------+-------------------+----------------+---------------+----------------+
| Platform                        |  185709 [ 14.24%] |  37303 [  6.21%] |  370739 [ 14.22%] |  200 [  9.92%] |   0 [  0.00%] |    4 [  0.04%] |
| User Budget                     | 1117971 [100.00%] | 563657 [100.00%] | 2236621 [100.00%] | 1816 [100.00%] | 960 [100.00%] | 9020 [100.00%] |
|    Used Resources               |  256572 [ 22.95%] |  44656 [  7.92%] |  310427 [ 13.88%] |  300 [ 16.52%] |  64 [  6.67%] |  400 [  4.43%] |
|    Unused Resources             |  861399 [ 77.05%] | 519001 [ 92.08%] | 1926194 [ 86.12%] | 1516 [ 83.48%] | 896 [ 93.33%] | 8620 [ 95.57%] |
| bin_search                      |   10396 [  0.93%] |   1604 [  0.28%] |   13452 [  0.60%] |    8 [  0.44%] |   0 [  0.00%] |    0 [  0.00%] |
|    bin_search_1                 |    2598 [  0.23%] |    401 [  0.07%] |    3363 [  0.15%] |    2 [  0.11%] |   0 [  0.00%] |    0 [  0.00%] |
|    bin_search_2                 |    2604 [  0.23%] |    401 [  0.07%] |    3363 [  0.15%] |    2 [  0.11%] |   0 [  0.00%] |    0 [  0.00%] |
|    bin_search_3                 |    2598 [  0.23%] |    401 [  0.07%] |    3363 [  0.15%] |    2 [  0.11%] |   0 [  0.00%] |    0 [  0.00%] |
|    bin_search_4                 |    2596 [  0.23%] |    401 [  0.07%] |    3363 [  0.15%] |    2 [  0.11%] |   0 [  0.00%] |    0 [  0.00%] |
| dispatch_degree                 |    1248 [  0.11%] |      0 [  0.00%] |    2061 [  0.09%] |    0 [  0.00%] |   0 [  0.00%] |    0 [  0.00%] |
|    dispatch_degree_1            |    1248 [  0.11%] |      0 [  0.00%] |    2061 [  0.09%] |    0 [  0.00%] |   0 [  0.00%] |    0 [  0.00%] |
| grasu_degree_update             |    2182 [  0.20%] |    381 [  0.07%] |    2809 [  0.13%] |    2 [  0.11%] |   0 [  0.00%] |    0 [  0.00%] |
|    grasu_degree_update_1        |    2182 [  0.20%] |    381 [  0.07%] |    2809 [  0.13%] |    2 [  0.11%] |   0 [  0.00%] |    0 [  0.00%] |
| kernelHBMWrapper                |    5676 [  0.51%] |   1085 [  0.19%] |    9982 [  0.45%] |   23 [  1.27%] |   0 [  0.00%] |    0 [  0.00%] |
|    kernelHBMWrapper_1           |    5676 [  0.51%] |   1085 [  0.19%] |    9982 [  0.45%] |   23 [  1.27%] |   0 [  0.00%] |    0 [  0.00%] |
| kernelLittleGSMerger            |    1427 [  0.13%] |      0 [  0.00%] |    2184 [  0.10%] |    0 [  0.00%] |   0 [  0.00%] |    4 [  0.04%] |
|    kernelLittleGSMerger_1       |    1427 [  0.13%] |      0 [  0.00%] |    2184 [  0.10%] |    0 [  0.00%] |   0 [  0.00%] |    4 [  0.04%] |
| lksg_stream                     |   14240 [  1.27%] |   1581 [  0.28%] |   17116 [  0.77%] |   60 [  3.30%] |  64 [  6.67%] |   44 [  0.49%] |
|    lksg_stream_1                |   14240 [  1.27%] |   1581 [  0.28%] |   17116 [  0.77%] |   60 [  3.30%] |  64 [  6.67%] |   44 [  0.49%] |
| pma_to_regraph_adapter          |    9264 [  0.83%] |    682 [  0.12%] |   10713 [  0.48%] |   30 [  1.65%] |   0 [  0.00%] |    0 [  0.00%] |
|    pma_to_regraph_adapter_1     |    9264 [  0.83%] |    682 [  0.12%] |   10713 [  0.48%] |   30 [  1.65%] |   0 [  0.00%] |    0 [  0.00%] |
| process_cache                   |   13247 [  1.18%] |   1224 [  0.22%] |   10024 [  0.45%] |   30 [  1.65%] |   0 [  0.00%] |    0 [  0.00%] |
|    process_cache_1              |    6624 [  0.59%] |    612 [  0.11%] |    5012 [  0.22%] |   15 [  0.83%] |   0 [  0.00%] |    0 [  0.00%] |
|    process_cache_2              |    6623 [  0.59%] |    612 [  0.11%] |    5012 [  0.22%] |   15 [  0.83%] |   0 [  0.00%] |    0 [  0.00%] |
| process_ddr                     |   33422 [  2.99%] |   2448 [  0.43%] |   27636 [  1.24%] |   62 [  3.41%] |   0 [  0.00%] |    0 [  0.00%] |
|    process_ddr_1                |   16640 [  1.49%] |   1224 [  0.22%] |   13818 [  0.62%] |   31 [  1.71%] |   0 [  0.00%] |    0 [  0.00%] |
|    process_ddr_2                |   16782 [  1.50%] |   1224 [  0.22%] |   13818 [  0.62%] |   31 [  1.71%] |   0 [  0.00%] |    0 [  0.00%] |
| regraph_pagerank_apply          |  124354 [ 11.12%] |  32800 [  5.82%] |  178790 [  7.99%] |   43 [  2.37%] |   0 [  0.00%] |  272 [  3.02%] |
|    regraph_pagerank_apply_1     |  124354 [ 11.12%] |  32800 [  5.82%] |  178790 [  7.99%] |   43 [  2.37%] |   0 [  0.00%] |  272 [  3.02%] |
| regraph_pagerank_source_prepare |   41116 [  3.68%] |   2851 [  0.51%] |   35660 [  1.59%] |   42 [  2.31%] |   0 [  0.00%] |   80 [  0.89%] |
|    pr_source_1                  |   41116 [  3.68%] |   2851 [  0.51%] |   35660 [  1.59%] |   42 [  2.31%] |   0 [  0.00%] |   80 [  0.89%] |
+---------------------------------+-------------------+------------------+-------------------+----------------+---------------+----------------+


