Copyright 1986-2022 Xilinx, Inc. All Rights Reserved. Copyright 2022-2024 Advanced Micro Devices, Inc. All Rights Reserved.
---------------------------------------------------------------------------------------------------------------------------------------------
| Tool Version : Vivado v.2024.1 (lin64) Build 5076996 Wed May 22 18:36:09 MDT 2024
| Date         : Thu Aug  6 00:11:08 2026
| Host         : trifoliate running 64-bit Debian GNU/Linux trixie/sid
| Command      : report_utilization -slr -file slr_util_routed.rpt -pb slr_util_routed.pb
| Design       : level0_wrapper
| Device       : xcu55c-fsvh2892-2L-e
| Speed File   : -2L
| Design State : Routed
---------------------------------------------------------------------------------------------------------------------------------------------

Utilization Design Information

Table of Contents
-----------------
1. SLR Connectivity
2. SLR Connectivity Matrix
3. SLR CLB Logic and Dedicated Block Utilization
4. SLR IO Utilization

1. SLR Connectivity
-------------------

+----------------------------------+-------+-------+-----------+-------+
|                                  |  Used | Fixed | Available | Util% |
+----------------------------------+-------+-------+-----------+-------+
| SLR2 <-> SLR1                    |  8645 |       |     23040 | 37.52 |
|   SLR1 -> SLR2                   |  4632 |       |           | 20.10 |
|     Using TX_REG only            |     0 |     0 |           |       |
|     Using RX_REG only            |     0 |     0 |           |       |
|     Using Both TX_REG and RX_REG |     0 |     0 |           |       |
|   SLR2 -> SLR1                   |  4013 |       |           | 17.42 |
|     Using TX_REG only            |     0 |     0 |           |       |
|     Using RX_REG only            |     0 |     0 |           |       |
|     Using Both TX_REG and RX_REG |     0 |     0 |           |       |
| SLR1 <-> SLR0                    | 13998 |       |     23040 | 60.76 |
|   SLR0 -> SLR1                   |  7441 |       |           | 32.30 |
|     Using TX_REG only            |     0 |     0 |           |       |
|     Using RX_REG only            |     0 |     0 |           |       |
|     Using Both TX_REG and RX_REG |     0 |     0 |           |       |
|   SLR1 -> SLR0                   |  6557 |       |           | 28.46 |
|     Using TX_REG only            |     0 |     0 |           |       |
|     Using RX_REG only            |     0 |     0 |           |       |
|     Using Both TX_REG and RX_REG |     0 |     0 |           |       |
+----------------------------------+-------+-------+-----------+-------+
| Total SLLs Used                  | 22643 |       |           |       |
+----------------------------------+-------+-------+-----------+-------+


2. SLR Connectivity Matrix
--------------------------

+-----------+------+------+------+
| FROM \ TO | SLR2 | SLR1 | SLR0 |
+-----------+------+------+------+
| SLR2      |    0 | 3913 |  100 |
| SLR1      | 4569 |    0 | 6457 |
| SLR0      |   63 | 7378 |    0 |
+-----------+------+------+------+


3. SLR CLB Logic and Dedicated Block Utilization
------------------------------------------------

+----------------------------+--------+--------+-------+--------+--------+--------+
|          Site Type         |  SLR0  |  SLR1  |  SLR2 | SLR0 % | SLR1 % | SLR2 % |
+----------------------------+--------+--------+-------+--------+--------+--------+
| CLB                        |  28045 |  28109 | 16306 |  51.03 |  52.05 |  30.20 |
|   CLBL                     |  14464 |  15128 |  8525 |  49.40 |  51.67 |  29.12 |
|   CLBM                     |  13581 |  12981 |  7781 |  52.89 |  52.51 |  31.48 |
| CLB LUTs                   |  74644 | 118803 | 69158 |  16.98 |  27.50 |  16.01 |
|   LUT as Logic             |  61414 | 102410 | 57807 |  13.97 |  23.71 |  13.38 |
|     using O5 output only   |   1454 |   1603 |   927 |   0.33 |   0.37 |   0.21 |
|     using O6 output only   |  47152 |  76199 | 42029 |  10.72 |  17.64 |   9.73 |
|     using O5 and O6        |  12808 |  24608 | 14851 |   2.91 |   5.70 |   3.44 |
|   LUT as Memory            |  13230 |  16393 | 11351 |   6.44 |   8.29 |   5.74 |
|     LUT as Distributed RAM |   4272 |   8200 |  3768 |   2.08 |   4.15 |   1.91 |
|       using O6 output only |    248 |    414 |    12 |   0.12 |   0.21 |  <0.01 |
|       using O5 and O6      |   4024 |   7786 |  3756 |   1.96 |   3.94 |   1.90 |
|     LUT as Shift Register  |   8958 |   8193 |  7583 |   4.36 |   4.14 |   3.83 |
|       using O6 output only |   7003 |   7202 |  6637 |   3.41 |   3.64 |   3.36 |
|       using O5 and O6      |   1955 |    991 |   946 |   0.95 |   0.50 |   0.48 |
| CLB Registers              | 139624 | 180984 | 94694 |  15.88 |  20.95 |  10.96 |
| CARRY8                     |    737 |   1638 |   658 |   1.34 |   3.03 |   1.22 |
| F7 Muxes                   |   3510 |   2778 |  3424 |   1.60 |   1.29 |   1.59 |
| F8 Muxes                   |    200 |    275 |     4 |   0.18 |   0.25 |  <0.01 |
| F9 Muxes                   |      0 |      0 |     0 |   0.00 |   0.00 |   0.00 |
| Block RAM Tile             |    161 |  169.5 | 100.5 |  23.96 |  25.22 |  14.96 |
|   RAMB36/FIFO              |    153 |    166 |    99 |  22.77 |  24.70 |  14.73 |
|   RAMB18                   |     16 |      7 |     3 |   1.19 |   0.52 |   0.22 |
| URAM                       |     64 |      0 |     0 |  20.00 |   0.00 |   0.00 |
| DSPs                       |      0 |      0 |     4 |   0.00 |   0.00 |   0.13 |
| Unique Control Sets        |   3030 |   4887 |  2268 |   2.76 |   4.53 |   2.10 |
+----------------------------+--------+--------+-------+--------+--------+--------+
* Note: Available Control Sets based on CLB Registers / 8


4. SLR IO Utilization
---------------------

+-----------+-----------+---------+------------+----------+------------+----------+-----+
| SLR Index | Used IOBs | (%)IOBs | Used IPADs | (%)IPADs | Used OPADs | (%)OPADs | GTs |
+-----------+-----------+---------+------------+----------+------------+----------+-----+
| SLR2      |         0 |    0.00 |          0 |     0.00 |          0 |     0.00 |   0 |
| SLR1      |         0 |    0.00 |          0 |     0.00 |          0 |     0.00 |   0 |
| SLR0      |        12 |    5.77 |          0 |     0.00 |          0 |     0.00 |  16 |
+-----------+-----------+---------+------------+----------+------------+----------+-----+
| Total     |        12 |         |          0 |          |          0 |          |  16 |
+-----------+-----------+---------+------------+----------+------------+----------+-----+


