Copyright 1986-2022 Xilinx, Inc. All Rights Reserved. Copyright 2022-2024 Advanced Micro Devices, Inc. All Rights Reserved.
---------------------------------------------------------------------------------------------------------------------------------------------------------------------------------------------------------------------------------------------------------------------------------------------------------------------------------------------------------------------------------------------------------------------------------------------------------------------------------------------------------------------------------------------------------------------------------------------------------------------------------------------------------------------------------------------------------------------------------------------------------------------------------------------------------------------------------------------------------------------------------------------------------------------------------------------------------------------------------------------------------------------------------------------------------------------------------------------------------------------------------
| Tool Version : Vivado v.2024.1 (lin64) Build 5076996 Wed May 22 18:36:09 MDT 2024
| Date         : Wed Aug  5 23:23:40 2026
| Host         : trifoliate running 64-bit Debian GNU/Linux trixie/sid
| Command      : report_accelerator_utilization -kernels { bin_search:level0_i/ulp/bin_search_1/inst:bin_search_1 bin_search:level0_i/ulp/bin_search_2/inst:bin_search_2 bin_search:level0_i/ulp/bin_search_3/inst:bin_search_3 bin_search:level0_i/ulp/bin_search_4/inst:bin_search_4 dispatch:level0_i/ulp/dispatch_1/inst:dispatch_1 kernelApply:level0_i/ulp/kernelApply_1/inst:kernelApply_1 kernelHBMWrapper:level0_i/ulp/kernelHBMWrapper_1/inst:kernelHBMWrapper_1 kernelLittleGSMerger:level0_i/ulp/kernelLittleGSMerger_1/inst:kernelLittleGSMerger_1 lksg_stream:level0_i/ulp/lksg_stream_1/inst:lksg_stream_1 pma_completion_barrier:level0_i/ulp/pma_completion_barrier_1/inst:pma_completion_barrier_1 pma_to_regraph_adapter:level0_i/ulp/pma_to_regraph_adapter_1/inst:pma_to_regraph_adapter_1 process_cache:level0_i/ulp/process_cache_1/inst:process_cache_1 process_cache:level0_i/ulp/process_cache_2/inst:process_cache_2 process_ddr:level0_i/ulp/process_ddr_1/inst:process_ddr_1 process_ddr:level0_i/ulp/process_ddr_2/inst:process_ddr_2} -file kernel_util_routed.rpt -name kernel_util_routed -json
| Design       : level0_wrapper
| Device       : xcu55c
| Design State : Routed
---------------------------------------------------------------------------------------------------------------------------------------------------------------------------------------------------------------------------------------------------------------------------------------------------------------------------------------------------------------------------------------------------------------------------------------------------------------------------------------------------------------------------------------------------------------------------------------------------------------------------------------------------------------------------------------------------------------------------------------------------------------------------------------------------------------------------------------------------------------------------------------------------------------------------------------------------------------------------------------------------------------------------------------------------------------------------------------------------------------------------------

Accelerator Utilization Design Information

Table of Contents
-----------------
1. System Utilization

1. System Utilization
---------------------

+-----------------------------+-------------------+------------------+-------------------+----------------+---------------+----------------+
| Name                        | LUT               | LUTAsMem         | REG               | BRAM           | URAM          | DSP            |
+-----------------------------+-------------------+------------------+-------------------+----------------+---------------+----------------+
| Platform                    |  167973 [ 12.88%] |  29259 [  4.87%] |  312440 [ 11.98%] |  200 [  9.92%] |   0 [  0.00%] |    4 [  0.04%] |
| User Budget                 | 1135707 [100.00%] | 571701 [100.00%] | 2294920 [100.00%] | 1816 [100.00%] | 960 [100.00%] | 9020 [100.00%] |
|    Used Resources           |   95589 [  8.42%] |  11773 [  2.06%] |  104930 [  4.57%] |  229 [ 12.61%] |  64 [  6.67%] |    0 [  0.00%] |
|    Unused Resources         | 1040118 [ 91.58%] | 559928 [ 97.94%] | 2189990 [ 95.43%] | 1587 [ 87.39%] | 896 [ 93.33%] | 9020 [100.00%] |
| bin_search                  |   10380 [  0.91%] |   1604 [  0.28%] |   13452 [  0.59%] |    8 [  0.44%] |   0 [  0.00%] |    0 [  0.00%] |
|    bin_search_1             |    2594 [  0.23%] |    401 [  0.07%] |    3363 [  0.15%] |    2 [  0.11%] |   0 [  0.00%] |    0 [  0.00%] |
|    bin_search_2             |    2596 [  0.23%] |    401 [  0.07%] |    3363 [  0.15%] |    2 [  0.11%] |   0 [  0.00%] |    0 [  0.00%] |
|    bin_search_3             |    2594 [  0.23%] |    401 [  0.07%] |    3363 [  0.15%] |    2 [  0.11%] |   0 [  0.00%] |    0 [  0.00%] |
|    bin_search_4             |    2596 [  0.23%] |    401 [  0.07%] |    3363 [  0.15%] |    2 [  0.11%] |   0 [  0.00%] |    0 [  0.00%] |
| dispatch                    |    1115 [  0.10%] |      0 [  0.00%] |    1837 [  0.08%] |    0 [  0.00%] |   0 [  0.00%] |    0 [  0.00%] |
|    dispatch_1               |    1115 [  0.10%] |      0 [  0.00%] |    1837 [  0.08%] |    0 [  0.00%] |   0 [  0.00%] |    0 [  0.00%] |
| kernelApply                 |    7898 [  0.70%] |   2256 [  0.39%] |   10709 [  0.47%] |   15 [  0.83%] |   0 [  0.00%] |    0 [  0.00%] |
|    kernelApply_1            |    7898 [  0.70%] |   2256 [  0.39%] |   10709 [  0.47%] |   15 [  0.83%] |   0 [  0.00%] |    0 [  0.00%] |
| kernelHBMWrapper            |    5667 [  0.50%] |   1085 [  0.19%] |    9960 [  0.43%] |   23 [  1.27%] |   0 [  0.00%] |    0 [  0.00%] |
|    kernelHBMWrapper_1       |    5667 [  0.50%] |   1085 [  0.19%] |    9960 [  0.43%] |   23 [  1.27%] |   0 [  0.00%] |    0 [  0.00%] |
| kernelLittleGSMerger        |    1116 [  0.10%] |      0 [  0.00%] |    2230 [  0.10%] |    0 [  0.00%] |   0 [  0.00%] |    0 [  0.00%] |
|    kernelLittleGSMerger_1   |    1116 [  0.10%] |      0 [  0.00%] |    2230 [  0.10%] |    0 [  0.00%] |   0 [  0.00%] |    0 [  0.00%] |
| lksg_stream                 |   11580 [  1.02%] |   1175 [  0.21%] |   13570 [  0.59%] |   60 [  3.30%] |  64 [  6.67%] |    0 [  0.00%] |
|    lksg_stream_1            |   11580 [  1.02%] |   1175 [  0.21%] |   13570 [  0.59%] |   60 [  3.30%] |  64 [  6.67%] |    0 [  0.00%] |
| pma_completion_barrier      |      42 [ <0.01%] |      0 [  0.00%] |      53 [ <0.01%] |    0 [  0.00%] |   0 [  0.00%] |    0 [  0.00%] |
|    pma_completion_barrier_1 |      42 [ <0.01%] |      0 [  0.00%] |      53 [ <0.01%] |    0 [  0.00%] |   0 [  0.00%] |    0 [  0.00%] |
| pma_to_regraph_adapter      |   10017 [  0.88%] |    929 [  0.16%] |   10427 [  0.45%] |   31 [  1.71%] |   0 [  0.00%] |    0 [  0.00%] |
|    pma_to_regraph_adapter_1 |   10017 [  0.88%] |    929 [  0.16%] |   10427 [  0.45%] |   31 [  1.71%] |   0 [  0.00%] |    0 [  0.00%] |
| process_cache               |   13279 [  1.17%] |   1224 [  0.21%] |   10142 [  0.44%] |   30 [  1.65%] |   0 [  0.00%] |    0 [  0.00%] |
|    process_cache_1          |    6636 [  0.58%] |    612 [  0.11%] |    5071 [  0.22%] |   15 [  0.83%] |   0 [  0.00%] |    0 [  0.00%] |
|    process_cache_2          |    6643 [  0.58%] |    612 [  0.11%] |    5071 [  0.22%] |   15 [  0.83%] |   0 [  0.00%] |    0 [  0.00%] |
| process_ddr                 |   34495 [  3.04%] |   3500 [  0.61%] |   32550 [  1.42%] |   62 [  3.41%] |   0 [  0.00%] |    0 [  0.00%] |
|    process_ddr_1            |   17251 [  1.52%] |   1750 [  0.31%] |   16275 [  0.71%] |   31 [  1.71%] |   0 [  0.00%] |    0 [  0.00%] |
|    process_ddr_2            |   17244 [  1.52%] |   1750 [  0.31%] |   16275 [  0.71%] |   31 [  1.71%] |   0 [  0.00%] |    0 [  0.00%] |
+-----------------------------+-------------------+------------------+-------------------+----------------+---------------+----------------+


