Copyright 1986-2022 Xilinx, Inc. All Rights Reserved. Copyright 2022-2024 Advanced Micro Devices, Inc. All Rights Reserved.
---------------------------------------------------------------------------------------------------------------------------------------------
| Tool Version : Vivado v.2024.1 (lin64) Build 5076996 Wed May 22 18:36:09 MDT 2024
| Date         : Wed Aug  5 23:24:12 2026
| Host         : trifoliate running 64-bit Debian GNU/Linux trixie/sid
| Command      : report_utilization -slr -file slr_util_routed.rpt -pb slr_util_routed.pb
| Design       : level0_wrapper
| Device       : xcu55c-fsvh2892-2L-e
| Speed File   : -2L
| Design State : Routed
---------------------------------------------------------------------------------------------------------------------------------------------

Utilization Design Information

Table of Contents
-----------------
1. SLR Connectivity
2. SLR Connectivity Matrix
3. SLR CLB Logic and Dedicated Block Utilization
4. SLR IO Utilization

1. SLR Connectivity
-------------------

+----------------------------------+-------+-------+-----------+-------+
|                                  |  Used | Fixed | Available | Util% |
+----------------------------------+-------+-------+-----------+-------+
| SLR2 <-> SLR1                    |  8692 |       |     23040 | 37.73 |
|   SLR1 -> SLR2                   |  4632 |       |           | 20.10 |
|     Using TX_REG only            |     0 |     0 |           |       |
|     Using RX_REG only            |     0 |     0 |           |       |
|     Using Both TX_REG and RX_REG |     0 |     0 |           |       |
|   SLR2 -> SLR1                   |  4060 |       |           | 17.62 |
|     Using TX_REG only            |     0 |     0 |           |       |
|     Using RX_REG only            |     0 |     0 |           |       |
|     Using Both TX_REG and RX_REG |     0 |     0 |           |       |
| SLR1 <-> SLR0                    | 14096 |       |     23040 | 61.18 |
|   SLR0 -> SLR1                   |  7441 |       |           | 32.30 |
|     Using TX_REG only            |     0 |     0 |           |       |
|     Using RX_REG only            |     0 |     0 |           |       |
|     Using Both TX_REG and RX_REG |     0 |     0 |           |       |
|   SLR1 -> SLR0                   |  6655 |       |           | 28.88 |
|     Using TX_REG only            |     0 |     0 |           |       |
|     Using RX_REG only            |     0 |     0 |           |       |
|     Using Both TX_REG and RX_REG |     0 |     0 |           |       |
+----------------------------------+-------+-------+-----------+-------+
| Total SLLs Used                  | 22788 |       |           |       |
+----------------------------------+-------+-------+-----------+-------+


2. SLR Connectivity Matrix
--------------------------

+-----------+------+------+------+
| FROM \ TO | SLR2 | SLR1 | SLR0 |
+-----------+------+------+------+
| SLR2      |    0 | 3960 |  100 |
| SLR1      | 4569 |    0 | 6555 |
| SLR0      |   63 | 7378 |    0 |
+-----------+------+------+------+


3. SLR CLB Logic and Dedicated Block Utilization
------------------------------------------------

+----------------------------+--------+--------+-------+--------+--------+--------+
|          Site Type         |  SLR0  |  SLR1  |  SLR2 | SLR0 % | SLR1 % | SLR2 % |
+----------------------------+--------+--------+-------+--------+--------+--------+
| CLB                        |  28324 |  30066 | 15851 |  51.54 |  55.68 |  29.35 |
|   CLBL                     |  14438 |  15923 |  8264 |  49.31 |  54.38 |  28.22 |
|   CLBM                     |  13886 |  14143 |  7587 |  54.07 |  57.21 |  30.69 |
| CLB LUTs                   |  75104 | 119227 | 69170 |  17.08 |  27.60 |  16.01 |
|   LUT as Logic             |  61816 | 102834 | 57819 |  14.06 |  23.80 |  13.38 |
|     using O5 output only   |   1480 |   1620 |   956 |   0.34 |   0.38 |   0.22 |
|     using O6 output only   |  47602 |  76544 | 42002 |  10.83 |  17.72 |   9.72 |
|     using O5 and O6        |  12734 |  24670 | 14861 |   2.90 |   5.71 |   3.44 |
|   LUT as Memory            |  13288 |  16393 | 11351 |   6.47 |   8.29 |   5.74 |
|     LUT as Distributed RAM |   4328 |   8200 |  3768 |   2.11 |   4.15 |   1.91 |
|       using O6 output only |    248 |    414 |    12 |   0.12 |   0.21 |  <0.01 |
|       using O5 and O6      |   4080 |   7786 |  3756 |   1.99 |   3.94 |   1.90 |
|     LUT as Shift Register  |   8960 |   8193 |  7583 |   4.36 |   4.14 |   3.83 |
|       using O6 output only |   7005 |   7202 |  6637 |   3.41 |   3.64 |   3.36 |
|       using O5 and O6      |   1955 |    991 |   946 |   0.95 |   0.50 |   0.48 |
| CLB Registers              | 140746 | 181734 | 94890 |  16.01 |  21.03 |  10.98 |
| CARRY8                     |    745 |   1638 |   658 |   1.36 |   3.03 |   1.22 |
| F7 Muxes                   |   3574 |   2778 |  3424 |   1.63 |   1.29 |   1.59 |
| F8 Muxes                   |    288 |    275 |     4 |   0.26 |   0.25 |  <0.01 |
| F9 Muxes                   |      0 |      0 |     0 |   0.00 |   0.00 |   0.00 |
| Block RAM Tile             |    161 |  169.5 | 100.5 |  23.96 |  25.22 |  14.96 |
|   RAMB36/FIFO              |    153 |    166 |    99 |  22.77 |  24.70 |  14.73 |
|   RAMB18                   |     16 |      7 |     3 |   1.19 |   0.52 |   0.22 |
| URAM                       |     64 |      0 |     0 |  20.00 |   0.00 |   0.00 |
| DSPs                       |      0 |      0 |     4 |   0.00 |   0.00 |   0.13 |
| Unique Control Sets        |   3034 |   4969 |  2271 |   2.76 |   4.60 |   2.10 |
+----------------------------+--------+--------+-------+--------+--------+--------+
* Note: Available Control Sets based on CLB Registers / 8


4. SLR IO Utilization
---------------------

+-----------+-----------+---------+------------+----------+------------+----------+-----+
| SLR Index | Used IOBs | (%)IOBs | Used IPADs | (%)IPADs | Used OPADs | (%)OPADs | GTs |
+-----------+-----------+---------+------------+----------+------------+----------+-----+
| SLR2      |         0 |    0.00 |          0 |     0.00 |          0 |     0.00 |   0 |
| SLR1      |         0 |    0.00 |          0 |     0.00 |          0 |     0.00 |   0 |
| SLR0      |        12 |    5.77 |          0 |     0.00 |          0 |     0.00 |  16 |
+-----------+-----------+---------+------------+----------+------------+----------+-----+
| Total     |        12 |         |          0 |          |          0 |          |  16 |
+-----------+-----------+---------+------------+----------+------------+----------+-----+


