Copyright 1986-2022 Xilinx, Inc. All Rights Reserved. Copyright 2022-2024 Advanced Micro Devices, Inc. All Rights Reserved.
---------------------------------------------------------------------------------------------------------------------------------------------
| Tool Version : Vivado v.2024.1 (lin64) Build 5076996 Wed May 22 18:36:09 MDT 2024
| Date         : Fri Aug  7 01:04:44 2026
| Host         : trifoliate running 64-bit Debian GNU/Linux trixie/sid
| Command      : report_utilization -slr -file slr_util_routed.rpt -pb slr_util_routed.pb
| Design       : level0_wrapper
| Device       : xcu55c-fsvh2892-2L-e
| Speed File   : -2L
| Design State : Routed
---------------------------------------------------------------------------------------------------------------------------------------------

Utilization Design Information

Table of Contents
-----------------
1. SLR Connectivity
2. SLR Connectivity Matrix
3. SLR CLB Logic and Dedicated Block Utilization
4. SLR IO Utilization

1. SLR Connectivity
-------------------

+----------------------------------+-------+-------+-----------+-------+
|                                  |  Used | Fixed | Available | Util% |
+----------------------------------+-------+-------+-----------+-------+
| SLR2 <-> SLR1                    |  9605 |       |     23040 | 41.69 |
|   SLR1 -> SLR2                   |  5443 |       |           | 23.62 |
|     Using TX_REG only            |     0 |     0 |           |       |
|     Using RX_REG only            |     0 |     0 |           |       |
|     Using Both TX_REG and RX_REG |     0 |     0 |           |       |
|   SLR2 -> SLR1                   |  4162 |       |           | 18.06 |
|     Using TX_REG only            |     0 |     0 |           |       |
|     Using RX_REG only            |     0 |     0 |           |       |
|     Using Both TX_REG and RX_REG |     0 |     0 |           |       |
| SLR1 <-> SLR0                    | 13909 |       |     23040 | 60.37 |
|   SLR0 -> SLR1                   |  7808 |       |           | 33.89 |
|     Using TX_REG only            |     0 |     0 |           |       |
|     Using RX_REG only            |     0 |     0 |           |       |
|     Using Both TX_REG and RX_REG |     0 |     0 |           |       |
|   SLR1 -> SLR0                   |  6101 |       |           | 26.48 |
|     Using TX_REG only            |     0 |     0 |           |       |
|     Using RX_REG only            |     0 |     0 |           |       |
|     Using Both TX_REG and RX_REG |     0 |     0 |           |       |
+----------------------------------+-------+-------+-----------+-------+
| Total SLLs Used                  | 23514 |       |           |       |
+----------------------------------+-------+-------+-----------+-------+


2. SLR Connectivity Matrix
--------------------------

+-----------+------+------+------+
| FROM \ TO | SLR2 | SLR1 | SLR0 |
+-----------+------+------+------+
| SLR2      |    0 | 4062 |  100 |
| SLR1      | 5379 |    0 | 6001 |
| SLR0      |   64 | 7744 |    0 |
+-----------+------+------+------+


3. SLR CLB Logic and Dedicated Block Utilization
------------------------------------------------

+----------------------------+--------+--------+--------+--------+--------+--------+
|          Site Type         |  SLR0  |  SLR1  |  SLR2  | SLR0 % | SLR1 % | SLR2 % |
+----------------------------+--------+--------+--------+--------+--------+--------+
| CLB                        |  31110 |  32027 |  20868 |  56.60 |  59.31 |  38.64 |
|   CLBL                     |  16133 |  16965 |  10940 |  55.10 |  57.94 |  37.36 |
|   CLBM                     |  14977 |  15062 |   9928 |  58.32 |  60.93 |  40.16 |
| CLB LUTs                   | 111895 | 123607 |  88490 |  25.45 |  28.61 |  20.48 |
|   LUT as Logic             |  93859 | 108182 |  74646 |  21.35 |  25.04 |  17.28 |
|     using O5 output only   |   1743 |   1616 |   1057 |   0.40 |   0.37 |   0.24 |
|     using O6 output only   |  72894 |  81526 |  55575 |  16.58 |  18.87 |  12.86 |
|     using O5 and O6        |  19222 |  25040 |  18014 |   4.37 |   5.80 |   4.17 |
|   LUT as Memory            |  18036 |  15425 |  13844 |   8.78 |   7.80 |   7.00 |
|     LUT as Distributed RAM |   7908 |   8628 |   5136 |   3.85 |   4.36 |   2.60 |
|       using O6 output only |    272 |    406 |     16 |   0.13 |   0.21 |  <0.01 |
|       using O5 and O6      |   7636 |   8222 |   5120 |   3.72 |   4.16 |   2.59 |
|     LUT as Shift Register  |  10128 |   6797 |   8708 |   4.93 |   3.44 |   4.40 |
|       using O6 output only |   7834 |   5471 |   7427 |   3.81 |   2.77 |   3.76 |
|       using O5 and O6      |   2294 |   1326 |   1281 |   1.12 |   0.67 |   0.65 |
| CLB Registers              | 189498 | 184128 | 118996 |  21.55 |  21.31 |  13.77 |
| CARRY8                     |   1750 |   1658 |   1171 |   3.18 |   3.07 |   2.17 |
| F7 Muxes                   |   4762 |   3377 |   4590 |   2.17 |   1.56 |   2.13 |
| F8 Muxes                   |    224 |    291 |     20 |   0.20 |   0.27 |   0.02 |
| F9 Muxes                   |      0 |      0 |      0 |   0.00 |   0.00 |   0.00 |
| Block RAM Tile             |  258.5 |    206 |    168 |  38.47 |  30.65 |  25.00 |
|   RAMB36/FIFO              |    244 |    200 |    162 |  36.31 |  29.76 |  24.11 |
|   RAMB18                   |     29 |     12 |     12 |   2.16 |   0.89 |   0.89 |
| URAM                       |    128 |     64 |     64 |  40.00 |  20.00 |  20.00 |
| DSPs                       |      0 |      0 |      4 |   0.00 |   0.00 |   0.13 |
| Unique Control Sets        |   3714 |   4913 |   2584 |   3.38 |   4.55 |   2.39 |
+----------------------------+--------+--------+--------+--------+--------+--------+
* Note: Available Control Sets based on CLB Registers / 8


4. SLR IO Utilization
---------------------

+-----------+-----------+---------+------------+----------+------------+----------+-----+
| SLR Index | Used IOBs | (%)IOBs | Used IPADs | (%)IPADs | Used OPADs | (%)OPADs | GTs |
+-----------+-----------+---------+------------+----------+------------+----------+-----+
| SLR2      |         0 |    0.00 |          0 |     0.00 |          0 |     0.00 |   0 |
| SLR1      |         0 |    0.00 |          0 |     0.00 |          0 |     0.00 |   0 |
| SLR0      |        12 |    5.77 |          0 |     0.00 |          0 |     0.00 |  16 |
+-----------+-----------+---------+------------+----------+------------+----------+-----+
| Total     |        12 |         |          0 |          |          0 |          |  16 |
+-----------+-----------+---------+------------+----------+------------+----------+-----+


