Copyright 1986-2022 Xilinx, Inc. All Rights Reserved. Copyright 2022-2024 Advanced Micro Devices, Inc. All Rights Reserved.
---------------------------------------------------------------------------------------------------------------------------------------------
| Tool Version : Vivado v.2024.1 (lin64) Build 5076996 Wed May 22 18:36:09 MDT 2024
| Date         : Fri Aug  7 01:06:04 2026
| Host         : trifoliate running 64-bit Debian GNU/Linux trixie/sid
| Command      : report_utilization -file full_util_routed.rpt -pb full_util_routed.pb
| Design       : level0_wrapper
| Device       : xcu55c-fsvh2892-2L-e
| Speed File   : -2L
| Design State : Routed
---------------------------------------------------------------------------------------------------------------------------------------------

Utilization Design Information

Table of Contents
-----------------
1. CLB Logic
1.1 Summary of Registers by Type
2. CLB Logic Distribution
3. BLOCKRAM
4. ARITHMETIC
5. I/O
6. CLOCK
7. ADVANCED
8. CONFIGURATION
9. Primitives
10. Black Boxes
11. Instantiated Netlists
12. SLR Connectivity
13. SLR Connectivity Matrix
14. SLR CLB Logic and Dedicated Block Utilization
15. SLR IO Utilization

1. CLB Logic
------------

+----------------------------+--------+--------+------------+-----------+-------+
|          Site Type         |  Used  |  Fixed | Prohibited | Available | Util% |
+----------------------------+--------+--------+------------+-----------+-------+
| CLB LUTs                   | 323992 | 107889 |          0 |   1303680 | 24.85 |
|   LUT as Logic             | 276687 | 101912 |          0 |   1303680 | 21.22 |
|   LUT as Memory            |  47305 |   5977 |          0 |    600960 |  7.87 |
|     LUT as Distributed RAM |  21672 |   4564 |            |           |       |
|     LUT as Shift Register  |  25633 |   1413 |            |           |       |
| CLB Registers              | 492622 | 136116 |          0 |   2607360 | 18.89 |
|   Register as Flip Flop    | 492618 | 136112 |          0 |   2607360 | 18.89 |
|   Register as Latch        |      0 |      0 |          0 |   2607360 |  0.00 |
|   Register as AND/OR       |      4 |      4 |          0 |   2607360 | <0.01 |
| CARRY8                     |   4579 |    946 |          0 |    162960 |  2.81 |
| F7 Muxes                   |  12729 |   1684 |          0 |    651840 |  1.95 |
| F8 Muxes                   |    535 |    451 |          0 |    325920 |  0.16 |
| F9 Muxes                   |      0 |      0 |          0 |    162960 |  0.00 |
+----------------------------+--------+--------+------------+-----------+-------+
* Warning! LUT value is adjusted to account for LUT combining.


1.1 Summary of Registers by Type
--------------------------------

+--------+--------------+-------------+--------------+
|  Total | Clock Enable | Synchronous | Asynchronous |
+--------+--------------+-------------+--------------+
| 4      |            _ |           - |            - |
| 0      |            _ |           - |          Set |
| 0      |            _ |           - |        Reset |
| 0      |            _ |         Set |            - |
| 0      |            _ |       Reset |            - |
| 0      |          Yes |           - |            - |
| 392    |          Yes |           - |          Set |
| 6106   |          Yes |           - |        Reset |
| 11070  |          Yes |         Set |            - |
| 475050 |          Yes |       Reset |            - |
+--------+--------------+-------------+--------------+


2. CLB Logic Distribution
-------------------------

+--------------------------------------------+--------+--------+------------+-----------+-------+
|                  Site Type                 |  Used  |  Fixed | Prohibited | Available | Util% |
+--------------------------------------------+--------+--------+------------+-----------+-------+
| CLB                                        |  84005 |      0 |          0 |    162960 | 51.55 |
|   CLBL                                     |  44038 |      0 |            |           |       |
|   CLBM                                     |  39967 |      0 |            |           |       |
| LUT as Logic                               | 276687 | 101912 |          0 |   1303680 | 21.22 |
|   using O5 output only                     |   4416 |        |            |           |       |
|   using O6 output only                     | 209995 |        |            |           |       |
|   using O5 and O6                          |  62276 |        |            |           |       |
| LUT as Memory                              |  47305 |   5977 |          0 |    600960 |  7.87 |
|   LUT as Distributed RAM                   |  21672 |   4564 |            |           |       |
|     using O5 output only                   |      0 |        |            |           |       |
|     using O6 output only                   |    694 |        |            |           |       |
|     using O5 and O6                        |  20978 |        |            |           |       |
|   LUT as Shift Register                    |  25633 |   1413 |            |           |       |
|     using O5 output only                   |      0 |        |            |           |       |
|     using O6 output only                   |  20732 |        |            |           |       |
|     using O5 and O6                        |   4901 |        |            |           |       |
| CLB Registers                              | 492622 |      0 |          0 |   2607360 | 18.89 |
|   Register driven from within the CLB      | 195845 |        |            |           |       |
|   Register driven from outside the CLB     | 296777 |        |            |           |       |
|     LUT in front of the register is unused | 207786 |        |            |           |       |
|     LUT in front of the register is used   |  88991 |        |            |           |       |
| Unique Control Sets                        |  11150 |        |          0 |    325920 |  3.42 |
+--------------------------------------------+--------+--------+------------+-----------+-------+
* * Note: Available Control Sets calculated as Slices * 2, Review the Control Sets Report for more information regarding control sets.


3. BLOCKRAM
-----------

+-------------------+-------+-------+------------+-----------+-------+
|     Site Type     |  Used | Fixed | Prohibited | Available | Util% |
+-------------------+-------+-------+------------+-----------+-------+
| Block RAM Tile    | 632.5 |     0 |          0 |      2016 | 31.37 |
|   RAMB36/FIFO*    |   606 |   193 |          0 |      2016 | 30.06 |
|     RAMB36E2 only |   606 |       |            |           |       |
|   RAMB18          |    53 |     6 |          0 |      4032 |  1.31 |
|     RAMB18E2 only |    53 |       |            |           |       |
| URAM              |   256 |     0 |          0 |       960 | 26.67 |
+-------------------+-------+-------+------------+-----------+-------+
* Note: Each Block RAM Tile only has one FIFO logic available and therefore can accommodate only one FIFO36E2 or one FIFO18E2. However, if a FIFO18E2 occupies a Block RAM Tile, that tile can still accommodate a RAMB18E2


4. ARITHMETIC
-------------

+----------------+------+-------+------------+-----------+-------+
|    Site Type   | Used | Fixed | Prohibited | Available | Util% |
+----------------+------+-------+------------+-----------+-------+
| DSPs           |    4 |     4 |          0 |      9024 |  0.04 |
|   DSP48E2 only |    4 |       |            |           |       |
+----------------+------+-------+------------+-----------+-------+


5. I/O
------

+------------------+------+-------+------------+-----------+-------+
|     Site Type    | Used | Fixed | Prohibited | Available | Util% |
+------------------+------+-------+------------+-----------+-------+
| Bonded IOB       |   12 |    12 |          0 |       624 |  1.92 |
| HPIOB_M          |    6 |     6 |          0 |       288 |  2.08 |
|   INPUT          |    3 |       |            |           |       |
|   OUTPUT         |    3 |       |            |           |       |
|   BIDIR          |    0 |       |            |           |       |
| HPIOB_S          |    5 |     5 |          0 |       288 |  1.74 |
|   INPUT          |    5 |       |            |           |       |
|   OUTPUT         |    0 |       |            |           |       |
|   BIDIR          |    0 |       |            |           |       |
| HPIOB_SNGL       |    1 |     1 |          0 |        48 |  2.08 |
|   INPUT          |    1 |       |            |           |       |
|   OUTPUT         |    0 |       |            |           |       |
|   BIDIR          |    0 |       |            |           |       |
| HPIOBDIFFINBUF   |    1 |     1 |          0 |       288 |  0.35 |
|   DIFFINBUF      |    1 |     1 |            |           |       |
| HPIOBDIFFOUTBUF  |    0 |     0 |          0 |       288 |  0.00 |
| BITSLICE_CONTROL |    0 |     0 |          0 |        96 |  0.00 |
| BITSLICE_RX_TX   |    0 |     0 |          0 |      3744 |  0.00 |
| BITSLICE_TX      |    0 |     0 |          0 |        96 |  0.00 |
| RIU_OR           |    0 |     0 |          0 |        48 |  0.00 |
+------------------+------+-------+------------+-----------+-------+


6. CLOCK
--------

+------------+------+-------+------------+-----------+-------+
|  Site Type | Used | Fixed | Prohibited | Available | Util% |
+------------+------+-------+------------+-----------+-------+
| BUFGCE     |   48 |     6 |          0 |       288 | 16.67 |
| BUFGCE_DIV |    1 |     1 |          0 |        48 |  2.08 |
| BUFG_GT    |   22 |    22 |          0 |       576 |  3.82 |
| BUFGCTRL*  |    1 |     1 |          0 |        96 |  1.04 |
| PLL        |    1 |     1 |          0 |        24 |  4.17 |
| MMCM       |    3 |     1 |          0 |        12 | 25.00 |
+------------+------+-------+------------+-----------+-------+
* Note: Each used BUFGCTRL counts as two GLOBAL CLOCK BUFFERs. This table does not include global clocking resources, only buffer cell usage. See the Clock Utilization Report (report_clock_utilization) for detailed accounting of global clocking resource availability.


7. ADVANCED
-----------

+----------------------+------+-------+------------+-----------+--------+
|       Site Type      | Used | Fixed | Prohibited | Available |  Util% |
+----------------------+------+-------+------------+-----------+--------+
| CMACE4               |    0 |     0 |          0 |         8 |   0.00 |
| GTYE4_CHANNEL        |   16 |    16 |          0 |        40 |  40.00 |
| GTYE4_COMMON         |    4 |     4 |          0 |        10 |  40.00 |
| HBM_REF_CLK          |    2 |     2 |          0 |         2 | 100.00 |
| HBM_SNGLBLI_INTF_APB |    2 |     2 |          0 |        32 |   6.25 |
| HBM_SNGLBLI_INTF_AXI |   32 |    32 |          0 |        32 | 100.00 |
| ILKNE4               |    0 |     0 |          0 |         4 |   0.00 |
| OBUFDS_GTE4          |    0 |     0 |          0 |        20 |   0.00 |
| OBUFDS_GTE4_ADV      |    0 |     0 |          0 |        20 |   0.00 |
| PCIE40E4             |    0 |     0 |          0 |         2 |   0.00 |
| PCIE4CE4             |    1 |     1 |          0 |         4 |  25.00 |
| SYSMONE4             |    0 |     0 |          0 |         3 |   0.00 |
+----------------------+------+-------+------------+-----------+--------+


8. CONFIGURATION
----------------

+-------------+------+-------+------------+-----------+-------+
|  Site Type  | Used | Fixed | Prohibited | Available | Util% |
+-------------+------+-------+------------+-----------+-------+
| BSCANE2     |    1 |     1 |          0 |        12 |  8.33 |
| DNA_PORTE2  |    0 |     0 |          0 |         3 |  0.00 |
| EFUSE_USR   |    0 |     0 |          0 |         3 |  0.00 |
| FRAME_ECCE4 |    0 |     0 |          0 |         3 |  0.00 |
| ICAPE3      |    1 |     1 |          0 |         6 | 16.67 |
| MASTER_JTAG |    0 |     0 |          0 |         3 |  0.00 |
| STARTUPE3   |    1 |     1 |          0 |         3 | 33.33 |
+-------------+------+-------+------------+-----------+-------+


9. Primitives
-------------

+----------------------+--------+---------------------+
|       Ref Name       |  Used  | Functional Category |
+----------------------+--------+---------------------+
| FDRE                 | 475050 |            Register |
| LUT6                 |  98281 |                 CLB |
| LUT4                 |  79929 |                 CLB |
| LUT3                 |  69465 |                 CLB |
| LUT5                 |  56174 |                 CLB |
| RAMD32               |  36848 |                 CLB |
| LUT2                 |  28755 |                 CLB |
| SRLC32E              |  18521 |                 CLB |
| MUXF7                |  12729 |                 CLB |
| SRL16E               |  11999 |                 CLB |
| FDSE                 |  11070 |            Register |
| LUT1                 |   6359 |                 CLB |
| FDCE                 |   6106 |            Register |
| RAMS32               |   5234 |                 CLB |
| CARRY8               |   4579 |                 CLB |
| RAMB36E2             |    606 |            BLOCKRAM |
| MUXF8                |    535 |                 CLB |
| RAMD64E              |    528 |                 CLB |
| FDPE                 |    392 |            Register |
| URAM288              |    256 |            BLOCKRAM |
| RAMB18E2             |     53 |            BLOCKRAM |
| BUFGCE               |     48 |               Clock |
| RAMS64E              |     40 |                 CLB |
| HBM_SNGLBLI_INTF_AXI |     32 |            Advanced |
| BUFG_GT              |     22 |               Clock |
| BUFG_GT_SYNC         |     17 |               Clock |
| GTYE4_CHANNEL        |     16 |            Advanced |
| SRLC16E              |     14 |                 CLB |
| IBUFCTRL             |      8 |              Others |
| INBUF                |      7 |                 I/O |
| GTYE4_COMMON         |      4 |            Advanced |
| DSP48E2              |      4 |          Arithmetic |
| AND2B1L              |      4 |              Others |
| OBUF                 |      3 |                 I/O |
| MMCME4_ADV           |      3 |               Clock |
| HBM_SNGLBLI_INTF_APB |      2 |            Advanced |
| HBM_REF_CLK          |      2 |            Advanced |
| STARTUPE3            |      1 |       Configuration |
| PLLE4_ADV            |      1 |               Clock |
| PCIE4CE4             |      1 |            Advanced |
| ICAPE3               |      1 |       Configuration |
| IBUFDS_GTE4          |      1 |                 I/O |
| DIFFINBUF            |      1 |                 I/O |
| BUFGCTRL             |      1 |               Clock |
| BUFGCE_DIV           |      1 |               Clock |
| BSCANE2              |      1 |       Configuration |
+----------------------+--------+---------------------+


10. Black Boxes
---------------

+----------+------+
| Ref Name | Used |
+----------+------+


11. Instantiated Netlists
-------------------------

+-------------------------------------------------------+------+
|                        Ref Name                       | Used |
+-------------------------------------------------------+------+
| xsdbm                                                 |    1 |
| ulp_xbar_7                                            |    1 |
| ulp_xbar_6                                            |    1 |
| ulp_xbar_5                                            |    1 |
| ulp_xbar_4                                            |    1 |
| ulp_ulp_ucs_0                                         |    1 |
| ulp_ulp_cmp_0                                         |    1 |
| ulp_s00_regslice_20                                   |    1 |
| ulp_s00_regslice_19                                   |    1 |
| ulp_s00_regslice_18                                   |    1 |
| ulp_regslice_control_userpf_2                         |    1 |
| ulp_regslice_control_userpf_1                         |    1 |
| ulp_regslice_control_userpf_0                         |    1 |
| ulp_regraph_frontend_mux_1_0                          |    1 |
| ulp_process_ddr_2_0                                   |    1 |
| ulp_process_ddr_1_0                                   |    1 |
| ulp_process_cache_2_0                                 |    1 |
| ulp_process_cache_1_0                                 |    1 |
| ulp_proc_sys_reset_kernel_slr2_0                      |    1 |
| ulp_proc_sys_reset_kernel_slr1_0                      |    1 |
| ulp_proc_sys_reset_kernel_slr0_0                      |    1 |
| ulp_proc_sys_reset_ctrl_slr2_0                        |    1 |
| ulp_proc_sys_reset_ctrl_slr1_0                        |    1 |
| ulp_proc_sys_reset_ctrl_slr0_0                        |    1 |
| ulp_pma_to_regraph_adapter_4_0                        |    1 |
| ulp_pma_to_regraph_adapter_3_0                        |    1 |
| ulp_pma_to_regraph_adapter_2_0                        |    1 |
| ulp_pma_to_regraph_adapter_1_0                        |    1 |
| ulp_pma_completion_barrier_1_0                        |    1 |
| ulp_m08_regslice_0                                    |    1 |
| ulp_m07_regslice_5                                    |    1 |
| ulp_m07_regslice_4                                    |    1 |
| ulp_m06_regslice_8                                    |    1 |
| ulp_m06_regslice_7                                    |    1 |
| ulp_m06_regslice_6                                    |    1 |
| ulp_m05_regslice_8                                    |    1 |
| ulp_m05_regslice_7                                    |    1 |
| ulp_m05_regslice_6                                    |    1 |
| ulp_m04_regslice_8                                    |    1 |
| ulp_m04_regslice_7                                    |    1 |
| ulp_m04_regslice_6                                    |    1 |
| ulp_m03_regslice_8                                    |    1 |
| ulp_m03_regslice_7                                    |    1 |
| ulp_m03_regslice_6                                    |    1 |
| ulp_m02_regslice_8                                    |    1 |
| ulp_m02_regslice_7                                    |    1 |
| ulp_m02_regslice_6                                    |    1 |
| ulp_m01_regslice_8                                    |    1 |
| ulp_m01_regslice_7                                    |    1 |
| ulp_m01_regslice_6                                    |    1 |
| ulp_m00_regslice_8                                    |    1 |
| ulp_m00_regslice_7                                    |    1 |
| ulp_m00_regslice_6                                    |    1 |
| ulp_lksg_stream_4_0                                   |    1 |
| ulp_lksg_stream_3_0                                   |    1 |
| ulp_lksg_stream_2_0                                   |    1 |
| ulp_lksg_stream_1_0                                   |    1 |
| ulp_kernelLittleGSMerger_1_0                          |    1 |
| ulp_kernelHBMWrapper_1_0                              |    1 |
| ulp_kernelApply_1_0                                   |    1 |
| ulp_ii_level0_wire_0                                  |    1 |
| ulp_hmss_0_0                                          |    1 |
| ulp_dispatch_1_0                                      |    1 |
| ulp_buffer_regraph_frontend_mux_1_output_r_0          |    1 |
| ulp_buffer_process_ddr_2_completion_token_0           |    1 |
| ulp_buffer_process_ddr_1_completion_token_0           |    1 |
| ulp_buffer_process_cache_2_completion_token_0         |    1 |
| ulp_buffer_process_cache_1_completion_token_0         |    1 |
| ulp_buffer_pma_to_regraph_adapter_4_edge_burst_out_0  |    1 |
| ulp_buffer_pma_to_regraph_adapter_3_edge_burst_out_0  |    1 |
| ulp_buffer_pma_to_regraph_adapter_2_edge_burst_out_0  |    1 |
| ulp_buffer_pma_to_regraph_adapter_1_edge_burst_out_0  |    1 |
| ulp_buffer_lksg_stream_4_l_tmp_prop_stm_0             |    1 |
| ulp_buffer_lksg_stream_4_l_ppb_request_stm_0          |    1 |
| ulp_buffer_lksg_stream_3_l_tmp_prop_stm_0             |    1 |
| ulp_buffer_lksg_stream_3_l_ppb_request_stm_0          |    1 |
| ulp_buffer_lksg_stream_2_l_tmp_prop_stm_0             |    1 |
| ulp_buffer_lksg_stream_2_l_ppb_request_stm_0          |    1 |
| ulp_buffer_lksg_stream_1_l_tmp_prop_stm_0             |    1 |
| ulp_buffer_lksg_stream_1_l_ppb_request_stm_0          |    1 |
| ulp_buffer_kernelLittleGSMerger_1_l_write_burst_stm_0 |    1 |
| ulp_buffer_kernelHBMWrapper_1_l_ppb_response_stm_4_0  |    1 |
| ulp_buffer_kernelHBMWrapper_1_l_ppb_response_stm_3_0  |    1 |
| ulp_buffer_kernelHBMWrapper_1_l_ppb_response_stm_2_0  |    1 |
| ulp_buffer_kernelHBMWrapper_1_l_ppb_response_stm_1_0  |    1 |
| ulp_buffer_kernelApply_1_prop_write_burst_stm_0       |    1 |
| ulp_bin_search_4_0                                    |    1 |
| ulp_bin_search_3_0                                    |    1 |
| ulp_bin_search_2_0                                    |    1 |
| ulp_bin_search_1_0                                    |    1 |
| ulp_axi_vip_data_0                                    |    1 |
| ulp_axi_vip_ctrl_userpf_2                             |    1 |
| ulp_axi_vip_ctrl_userpf_1                             |    1 |
| ulp_axi_vip_ctrl_userpf_0                             |    1 |
| ulp_axi_gpio_null_2                                   |    1 |
| ulp_axi_gpio_null_1                                   |    1 |
| ulp_axi_gpio_null_0                                   |    1 |
| ulp_auto_cc_9                                         |    1 |
| ulp_auto_cc_8                                         |    1 |
| ulp_auto_cc_7                                         |    1 |
| ulp_auto_cc_6                                         |    1 |
| ulp_auto_cc_5                                         |    1 |
| ulp_auto_cc_4                                         |    1 |
| ulp_auto_cc_3                                         |    1 |
| ulp_auto_cc_23                                        |    1 |
| ulp_auto_cc_22                                        |    1 |
| ulp_auto_cc_21                                        |    1 |
| ulp_auto_cc_20                                        |    1 |
| ulp_auto_cc_2                                         |    1 |
| ulp_auto_cc_19                                        |    1 |
| ulp_auto_cc_18                                        |    1 |
| ulp_auto_cc_17                                        |    1 |
| ulp_auto_cc_16                                        |    1 |
| ulp_auto_cc_15                                        |    1 |
| ulp_auto_cc_14                                        |    1 |
| ulp_auto_cc_13                                        |    1 |
| ulp_auto_cc_12                                        |    1 |
| ulp_auto_cc_11                                        |    1 |
| ulp_auto_cc_10                                        |    1 |
| ulp_auto_cc_1                                         |    1 |
| ulp_auto_cc_0                                         |    1 |
| ulp                                                   |    1 |
| level0_ii_level0_pipe_0                               |    1 |
| blp_wrapper                                           |    1 |
| bd_85ad_vip_S27_0                                     |    1 |
| bd_85ad_vip_S26_0                                     |    1 |
| bd_85ad_vip_S25_0                                     |    1 |
| bd_85ad_vip_S24_0                                     |    1 |
| bd_85ad_vip_S23_0                                     |    1 |
| bd_85ad_vip_S22_0                                     |    1 |
| bd_85ad_vip_S21_0                                     |    1 |
| bd_85ad_vip_S20_0                                     |    1 |
| bd_85ad_vip_S19_0                                     |    1 |
| bd_85ad_vip_S18_0                                     |    1 |
| bd_85ad_vip_S17_0                                     |    1 |
| bd_85ad_vip_S16_0                                     |    1 |
| bd_85ad_vip_S15_0                                     |    1 |
| bd_85ad_vip_S14_0                                     |    1 |
| bd_85ad_vip_S13_0                                     |    1 |
| bd_85ad_vip_S12_0                                     |    1 |
| bd_85ad_vip_S11_0                                     |    1 |
| bd_85ad_vip_S10_0                                     |    1 |
| bd_85ad_vip_S09_0                                     |    1 |
| bd_85ad_vip_S08_0                                     |    1 |
| bd_85ad_vip_S07_0                                     |    1 |
| bd_85ad_vip_S06_0                                     |    1 |
| bd_85ad_vip_S05_0                                     |    1 |
| bd_85ad_vip_S04_0                                     |    1 |
| bd_85ad_vip_S03_0                                     |    1 |
| bd_85ad_vip_S02_0                                     |    1 |
| bd_85ad_vip_S01_0                                     |    1 |
| bd_85ad_vip_S00_0                                     |    1 |
| bd_85ad_util_vector_logic_0                           |    1 |
| bd_85ad_slice9_1_0                                    |    1 |
| bd_85ad_slice8_13_0                                   |    1 |
| bd_85ad_slice7_16_0                                   |    1 |
| bd_85ad_slice6_9_0                                    |    1 |
| bd_85ad_slice5_12_0                                   |    1 |
| bd_85ad_slice4_7_0                                    |    1 |
| bd_85ad_slice3_4_0                                    |    1 |
| bd_85ad_slice2_5_0                                    |    1 |
| bd_85ad_slice27_25_0                                  |    1 |
| bd_85ad_slice26_21_0                                  |    1 |
| bd_85ad_slice25_24_0                                  |    1 |
| bd_85ad_slice24_20_0                                  |    1 |
| bd_85ad_slice23_28_0                                  |    1 |
| bd_85ad_slice22_26_0                                  |    1 |
| bd_85ad_slice21_17_0                                  |    1 |
| bd_85ad_slice20_15_0                                  |    1 |
| bd_85ad_slice1_0_0                                    |    1 |
| bd_85ad_slice19_14_0                                  |    1 |
| bd_85ad_slice18_29_0                                  |    1 |
| bd_85ad_slice17_23_0                                  |    1 |
| bd_85ad_slice16_22_0                                  |    1 |
| bd_85ad_slice15_18_0                                  |    1 |
| bd_85ad_slice14_11_0                                  |    1 |
| bd_85ad_slice13_10_0                                  |    1 |
| bd_85ad_slice12_8_0                                   |    1 |
| bd_85ad_slice11_6_0                                   |    1 |
| bd_85ad_slice10_19_0                                  |    1 |
| bd_85ad_slice0_2_0                                    |    1 |
| bd_85ad_interconnect9_1_0                             |    1 |
| bd_85ad_interconnect8_13_0                            |    1 |
| bd_85ad_interconnect7_16_0                            |    1 |
| bd_85ad_interconnect6_9_0                             |    1 |
| bd_85ad_interconnect5_12_0                            |    1 |
| bd_85ad_interconnect4_7_0                             |    1 |
| bd_85ad_interconnect3_4_0                             |    1 |
| bd_85ad_interconnect2_5_0                             |    1 |
| bd_85ad_interconnect27_25_0                           |    1 |
| bd_85ad_interconnect26_21_0                           |    1 |
| bd_85ad_interconnect25_24_0                           |    1 |
| bd_85ad_interconnect24_20_0                           |    1 |
| bd_85ad_interconnect23_28_0                           |    1 |
| bd_85ad_interconnect22_26_0                           |    1 |
| bd_85ad_interconnect21_17_0                           |    1 |
| bd_85ad_interconnect20_15_0                           |    1 |
| bd_85ad_interconnect1_0_0                             |    1 |
| bd_85ad_interconnect19_14_0                           |    1 |
| bd_85ad_interconnect18_29_0                           |    1 |
| bd_85ad_interconnect17_23_0                           |    1 |
| bd_85ad_interconnect16_22_0                           |    1 |
| bd_85ad_interconnect15_18_0                           |    1 |
| bd_85ad_interconnect14_11_0                           |    1 |
| bd_85ad_interconnect13_10_0                           |    1 |
| bd_85ad_interconnect12_8_0                            |    1 |
| bd_85ad_interconnect11_6_0                            |    1 |
| bd_85ad_interconnect10_19_0                           |    1 |
| bd_85ad_interconnect0_2_0                             |    1 |
| bd_85ad_init_reduce_0                                 |    1 |
| bd_85ad_hbm_reset_sync_SLR2_0                         |    1 |
| bd_85ad_hbm_reset_sync_SLR1_0                         |    1 |
| bd_85ad_hbm_reset_sync_SLR0_0                         |    1 |
| bd_85ad_hbm_inst_0                                    |    1 |
| bd_85ad_axi_apb_bridge_inst_0                         |    1 |
| bd_7cf0_bsip_0                                        |    1 |
| bd_7cf0_bs_switch_1_0                                 |    1 |
| bd_7cf0_axi_jtag_0                                    |    1 |
| bd_58f6_xsdbm_0                                       |    1 |
| bd_58f6_lut_buffer_0                                  |    1 |
| bd_22c0_xbar_1                                        |    1 |
| bd_22c0_xbar_0                                        |    1 |
| bd_22c0_psreset_kernel_01_0                           |    1 |
| bd_22c0_psreset_kernel_00_0                           |    1 |
| bd_22c0_psreset_hbm_0                                 |    1 |
| bd_22c0_psreset_aclk_freerun_0                        |    1 |
| bd_22c0_gpio_ucs_control_status_0                     |    1 |
| bd_22c0_gpio_gapping_demand_0                         |    1 |
| bd_22c0_gapping_demand_update_0                       |    1 |
| bd_22c0_gapping_demand_toggle_0                       |    1 |
| bd_22c0_frequency_counter_aclk_kernel_01_0            |    1 |
| bd_22c0_frequency_counter_aclk_kernel_00_0            |    1 |
| bd_22c0_frequency_counter_aclk_hbm_0                  |    1 |
| bd_22c0_frequency_counter_aclk_0                      |    1 |
| bd_22c0_fanout_aresetn_pcie_slr2_4_0                  |    1 |
| bd_22c0_fanout_aresetn_pcie_slr2_3_0                  |    1 |
| bd_22c0_fanout_aresetn_pcie_slr2_2_0                  |    1 |
| bd_22c0_fanout_aresetn_pcie_slr2_1_0                  |    1 |
| bd_22c0_fanout_aresetn_pcie_slr1_4_0                  |    1 |
| bd_22c0_fanout_aresetn_pcie_slr1_3_0                  |    1 |
| bd_22c0_fanout_aresetn_pcie_slr1_2_0                  |    1 |
| bd_22c0_fanout_aresetn_pcie_slr1_1_0                  |    1 |
| bd_22c0_fanout_aresetn_pcie_slr0_4_0                  |    1 |
| bd_22c0_fanout_aresetn_pcie_slr0_3_0                  |    1 |
| bd_22c0_fanout_aresetn_pcie_slr0_2_0                  |    1 |
| bd_22c0_fanout_aresetn_pcie_slr0_1_0                  |    1 |
| bd_22c0_fanout_aresetn_kernel_01_slr2_4_0             |    1 |
| bd_22c0_fanout_aresetn_kernel_01_slr2_3_0             |    1 |
| bd_22c0_fanout_aresetn_kernel_01_slr2_2_0             |    1 |
| bd_22c0_fanout_aresetn_kernel_01_slr2_1_0             |    1 |
| bd_22c0_fanout_aresetn_kernel_01_slr1_4_0             |    1 |
| bd_22c0_fanout_aresetn_kernel_01_slr1_3_0             |    1 |
| bd_22c0_fanout_aresetn_kernel_01_slr1_2_0             |    1 |
| bd_22c0_fanout_aresetn_kernel_01_slr1_1_0             |    1 |
| bd_22c0_fanout_aresetn_kernel_01_slr0_4_0             |    1 |
| bd_22c0_fanout_aresetn_kernel_01_slr0_3_0             |    1 |
| bd_22c0_fanout_aresetn_kernel_01_slr0_2_0             |    1 |
| bd_22c0_fanout_aresetn_kernel_01_slr0_1_0             |    1 |
| bd_22c0_fanout_aresetn_kernel_00_slr2_4_0             |    1 |
| bd_22c0_fanout_aresetn_kernel_00_slr2_3_0             |    1 |
| bd_22c0_fanout_aresetn_kernel_00_slr2_2_0             |    1 |
| bd_22c0_fanout_aresetn_kernel_00_slr2_1_0             |    1 |
| bd_22c0_fanout_aresetn_kernel_00_slr1_4_0             |    1 |
| bd_22c0_fanout_aresetn_kernel_00_slr1_3_0             |    1 |
| bd_22c0_fanout_aresetn_kernel_00_slr1_2_0             |    1 |
| bd_22c0_fanout_aresetn_kernel_00_slr1_1_0             |    1 |
| bd_22c0_fanout_aresetn_kernel_00_slr0_4_0             |    1 |
| bd_22c0_fanout_aresetn_kernel_00_slr0_3_0             |    1 |
| bd_22c0_fanout_aresetn_kernel_00_slr0_2_0             |    1 |
| bd_22c0_fanout_aresetn_kernel_00_slr0_1_0             |    1 |
| bd_22c0_fanout_aresetn_hbm_0                          |    1 |
| bd_22c0_fanout_aresetn_ctrl_slr2_4_0                  |    1 |
| bd_22c0_fanout_aresetn_ctrl_slr2_3_0                  |    1 |
| bd_22c0_fanout_aresetn_ctrl_slr2_2_0                  |    1 |
| bd_22c0_fanout_aresetn_ctrl_slr2_1_0                  |    1 |
| bd_22c0_fanout_aresetn_ctrl_slr1_4_0                  |    1 |
| bd_22c0_fanout_aresetn_ctrl_slr1_3_0                  |    1 |
| bd_22c0_fanout_aresetn_ctrl_slr1_2_0                  |    1 |
| bd_22c0_fanout_aresetn_ctrl_slr1_1_0                  |    1 |
| bd_22c0_fanout_aresetn_ctrl_slr0_4_0                  |    1 |
| bd_22c0_fanout_aresetn_ctrl_slr0_3_0                  |    1 |
| bd_22c0_fanout_aresetn_ctrl_slr0_2_0                  |    1 |
| bd_22c0_fanout_aresetn_ctrl_slr0_1_0                  |    1 |
| bd_22c0_clock_throttling_avg_0                        |    1 |
| bd_22c0_clock_throttling_aclk_kernel_01_0             |    1 |
| bd_22c0_clock_throttling_aclk_kernel_00_0             |    1 |
| bd_22c0_clock_shutdown_latch_0                        |    1 |
| bd_22c0_clkwiz_hbm_0                                  |    1 |
| bd_22c0_clkwiz_aclk_kernel_01_0                       |    1 |
| bd_22c0_clkwiz_aclk_kernel_00_0                       |    1 |
| bd_22c0_clk_hbm_adapt_0                               |    1 |
| bd_22c0_build_info_0                                  |    1 |
| bd_22c0_auto_cc_0                                     |    1 |
| bd_22c0_aclk_kernel_01_cont_adapt_0                   |    1 |
| bd_22c0_aclk_kernel_01_adapt_0                        |    1 |
| bd_22c0_aclk_kernel_00_cont_adapt_0                   |    1 |
| bd_22c0_aclk_kernel_00_adapt_0                        |    1 |
| bd_097b_user_debug_hub_0                              |    1 |
| bd_097b_user_debug_bridge_0                           |    1 |
| bd_097b_build_info_0                                  |    1 |
+-------------------------------------------------------+------+


12. SLR Connectivity
--------------------

+----------------------------------+-------+-------+-----------+-------+
|                                  |  Used | Fixed | Available | Util% |
+----------------------------------+-------+-------+-----------+-------+
| SLR2 <-> SLR1                    |  9605 |       |     23040 | 41.69 |
|   SLR1 -> SLR2                   |  5443 |       |           | 23.62 |
|     Using TX_REG only            |     0 |     0 |           |       |
|     Using RX_REG only            |     0 |     0 |           |       |
|     Using Both TX_REG and RX_REG |     0 |     0 |           |       |
|   SLR2 -> SLR1                   |  4162 |       |           | 18.06 |
|     Using TX_REG only            |     0 |     0 |           |       |
|     Using RX_REG only            |     0 |     0 |           |       |
|     Using Both TX_REG and RX_REG |     0 |     0 |           |       |
| SLR1 <-> SLR0                    | 13909 |       |     23040 | 60.37 |
|   SLR0 -> SLR1                   |  7808 |       |           | 33.89 |
|     Using TX_REG only            |     0 |     0 |           |       |
|     Using RX_REG only            |     0 |     0 |           |       |
|     Using Both TX_REG and RX_REG |     0 |     0 |           |       |
|   SLR1 -> SLR0                   |  6101 |       |           | 26.48 |
|     Using TX_REG only            |     0 |     0 |           |       |
|     Using RX_REG only            |     0 |     0 |           |       |
|     Using Both TX_REG and RX_REG |     0 |     0 |           |       |
+----------------------------------+-------+-------+-----------+-------+
| Total SLLs Used                  | 23514 |       |           |       |
+----------------------------------+-------+-------+-----------+-------+


13. SLR Connectivity Matrix
---------------------------

+-----------+------+------+------+
| FROM \ TO | SLR2 | SLR1 | SLR0 |
+-----------+------+------+------+
| SLR2      |    0 | 4062 |  100 |
| SLR1      | 5379 |    0 | 6001 |
| SLR0      |   64 | 7744 |    0 |
+-----------+------+------+------+


14. SLR CLB Logic and Dedicated Block Utilization
-------------------------------------------------

+----------------------------+--------+--------+--------+--------+--------+--------+
|          Site Type         |  SLR0  |  SLR1  |  SLR2  | SLR0 % | SLR1 % | SLR2 % |
+----------------------------+--------+--------+--------+--------+--------+--------+
| CLB                        |  31110 |  32027 |  20868 |  56.60 |  59.31 |  38.64 |
|   CLBL                     |  16133 |  16965 |  10940 |  55.10 |  57.94 |  37.36 |
|   CLBM                     |  14977 |  15062 |   9928 |  58.32 |  60.93 |  40.16 |
| CLB LUTs                   | 111895 | 123607 |  88490 |  25.45 |  28.61 |  20.48 |
|   LUT as Logic             |  93859 | 108182 |  74646 |  21.35 |  25.04 |  17.28 |
|     using O5 output only   |   1743 |   1616 |   1057 |   0.40 |   0.37 |   0.24 |
|     using O6 output only   |  72894 |  81526 |  55575 |  16.58 |  18.87 |  12.86 |
|     using O5 and O6        |  19222 |  25040 |  18014 |   4.37 |   5.80 |   4.17 |
|   LUT as Memory            |  18036 |  15425 |  13844 |   8.78 |   7.80 |   7.00 |
|     LUT as Distributed RAM |   7908 |   8628 |   5136 |   3.85 |   4.36 |   2.60 |
|       using O6 output only |    272 |    406 |     16 |   0.13 |   0.21 |  <0.01 |
|       using O5 and O6      |   7636 |   8222 |   5120 |   3.72 |   4.16 |   2.59 |
|     LUT as Shift Register  |  10128 |   6797 |   8708 |   4.93 |   3.44 |   4.40 |
|       using O6 output only |   7834 |   5471 |   7427 |   3.81 |   2.77 |   3.76 |
|       using O5 and O6      |   2294 |   1326 |   1281 |   1.12 |   0.67 |   0.65 |
| CLB Registers              | 189498 | 184128 | 118996 |  21.55 |  21.31 |  13.77 |
| CARRY8                     |   1750 |   1658 |   1171 |   3.18 |   3.07 |   2.17 |
| F7 Muxes                   |   4762 |   3377 |   4590 |   2.17 |   1.56 |   2.13 |
| F8 Muxes                   |    224 |    291 |     20 |   0.20 |   0.27 |   0.02 |
| F9 Muxes                   |      0 |      0 |      0 |   0.00 |   0.00 |   0.00 |
| Block RAM Tile             |  258.5 |    206 |    168 |  38.47 |  30.65 |  25.00 |
|   RAMB36/FIFO              |    244 |    200 |    162 |  36.31 |  29.76 |  24.11 |
|   RAMB18                   |     29 |     12 |     12 |   2.16 |   0.89 |   0.89 |
| URAM                       |    128 |     64 |     64 |  40.00 |  20.00 |  20.00 |
| DSPs                       |      0 |      0 |      4 |   0.00 |   0.00 |   0.13 |
| Unique Control Sets        |   3714 |   4913 |   2584 |   3.38 |   4.55 |   2.39 |
+----------------------------+--------+--------+--------+--------+--------+--------+
* Note: Available Control Sets based on CLB Registers / 8


15. SLR IO Utilization
----------------------

+-----------+-----------+---------+------------+----------+------------+----------+-----+
| SLR Index | Used IOBs | (%)IOBs | Used IPADs | (%)IPADs | Used OPADs | (%)OPADs | GTs |
+-----------+-----------+---------+------------+----------+------------+----------+-----+
| SLR2      |         0 |    0.00 |          0 |     0.00 |          0 |     0.00 |   0 |
| SLR1      |         0 |    0.00 |          0 |     0.00 |          0 |     0.00 |   0 |
| SLR0      |        12 |    5.77 |          0 |     0.00 |          0 |     0.00 |  16 |
+-----------+-----------+---------+------------+----------+------------+----------+-----+
| Total     |        12 |         |          0 |          |          0 |          |  16 |
+-----------+-----------+---------+------------+----------+------------+----------+-----+


