Copyright 1986-2022 Xilinx, Inc. All Rights Reserved. Copyright 2022-2024 Advanced Micro Devices, Inc. All Rights Reserved.
---------------------------------------------------------------------------------------------------------------------------------------------
| Tool Version : Vivado v.2024.1 (lin64) Build 5076996 Wed May 22 18:36:09 MDT 2024
| Date         : Thu Aug  6 02:40:46 2026
| Host         : trifoliate running 64-bit Debian GNU/Linux trixie/sid
| Command      : report_utilization -slr -file slr_util_routed.rpt -pb slr_util_routed.pb
| Design       : level0_wrapper
| Device       : xcu55c-fsvh2892-2L-e
| Speed File   : -2L
| Design State : Routed
---------------------------------------------------------------------------------------------------------------------------------------------

Utilization Design Information

Table of Contents
-----------------
1. SLR Connectivity
2. SLR Connectivity Matrix
3. SLR CLB Logic and Dedicated Block Utilization
4. SLR IO Utilization

1. SLR Connectivity
-------------------

+----------------------------------+-------+-------+-----------+-------+
|                                  |  Used | Fixed | Available | Util% |
+----------------------------------+-------+-------+-----------+-------+
| SLR2 <-> SLR1                    |  8663 |       |     23040 | 37.60 |
|   SLR1 -> SLR2                   |  4626 |       |           | 20.08 |
|     Using TX_REG only            |     0 |     0 |           |       |
|     Using RX_REG only            |     0 |     0 |           |       |
|     Using Both TX_REG and RX_REG |     0 |     0 |           |       |
|   SLR2 -> SLR1                   |  4037 |       |           | 17.52 |
|     Using TX_REG only            |     0 |     0 |           |       |
|     Using RX_REG only            |     0 |     0 |           |       |
|     Using Both TX_REG and RX_REG |     0 |     0 |           |       |
| SLR1 <-> SLR0                    | 16528 |       |     23040 | 71.74 |
|   SLR0 -> SLR1                   |  8232 |       |           | 35.73 |
|     Using TX_REG only            |     0 |     0 |           |       |
|     Using RX_REG only            |     0 |     0 |           |       |
|     Using Both TX_REG and RX_REG |     0 |     0 |           |       |
|   SLR1 -> SLR0                   |  8296 |       |           | 36.01 |
|     Using TX_REG only            |     0 |     0 |           |       |
|     Using RX_REG only            |     0 |     0 |           |       |
|     Using Both TX_REG and RX_REG |     0 |     0 |           |       |
+----------------------------------+-------+-------+-----------+-------+
| Total SLLs Used                  | 25191 |       |           |       |
+----------------------------------+-------+-------+-----------+-------+


2. SLR Connectivity Matrix
--------------------------

+-----------+------+------+------+
| FROM \ TO | SLR2 | SLR1 | SLR0 |
+-----------+------+------+------+
| SLR2      |    0 | 3937 |  100 |
| SLR1      | 4563 |    0 | 8196 |
| SLR0      |   63 | 8169 |    0 |
+-----------+------+------+------+


3. SLR CLB Logic and Dedicated Block Utilization
------------------------------------------------

+----------------------------+--------+--------+-------+--------+--------+--------+
|          Site Type         |  SLR0  |  SLR1  |  SLR2 | SLR0 % | SLR1 % | SLR2 % |
+----------------------------+--------+--------+-------+--------+--------+--------+
| CLB                        |  31941 |  43146 | 16476 |  58.12 |  79.90 |  30.51 |
|   CLBL                     |  16583 |  22787 |  8575 |  56.64 |  77.82 |  29.29 |
|   CLBM                     |  15358 |  20359 |  7901 |  59.81 |  82.36 |  31.96 |
| CLB LUTs                   |  81722 | 210494 | 68454 |  18.59 |  48.73 |  15.85 |
|   LUT as Logic             |  65867 | 186859 | 57635 |  14.98 |  43.25 |  13.34 |
|     using O5 output only   |   1497 |   2388 |   956 |   0.34 |   0.55 |   0.22 |
|     using O6 output only   |  50422 | 146110 | 42642 |  11.47 |  33.82 |   9.87 |
|     using O5 and O6        |  13948 |  38361 | 14037 |   3.17 |   8.88 |   3.25 |
|   LUT as Memory            |  15855 |  23635 | 10819 |   7.72 |  11.95 |   5.47 |
|     LUT as Distributed RAM |   4878 |  11212 |  3768 |   2.37 |   5.67 |   1.91 |
|       using O6 output only |    250 |    514 |    12 |   0.12 |   0.26 |  <0.01 |
|       using O5 and O6      |   4628 |  10698 |  3756 |   2.25 |   5.41 |   1.90 |
|     LUT as Shift Register  |  10977 |  12423 |  7051 |   5.34 |   6.28 |   3.57 |
|       using O6 output only |   8941 |   9841 |  6105 |   4.35 |   4.98 |   3.09 |
|       using O5 and O6      |   2036 |   2582 |   946 |   0.99 |   1.31 |   0.48 |
| CLB Registers              | 161446 | 279479 | 91986 |  18.36 |  32.35 |  10.65 |
| CARRY8                     |    891 |   6772 |   646 |   1.62 |  12.54 |   1.20 |
| F7 Muxes                   |   4204 |   7611 |  4246 |   1.91 |   3.52 |   1.97 |
| F8 Muxes                   |    448 |   1719 |     4 |   0.41 |   1.59 |  <0.01 |
| F9 Muxes                   |      0 |      0 |     0 |   0.00 |   0.00 |   0.00 |
| Block RAM Tile             |    161 |    218 | 100.5 |  23.96 |  32.44 |  14.96 |
|   RAMB36/FIFO              |    153 |    213 |    99 |  22.77 |  31.70 |  14.73 |
|   RAMB18                   |     16 |     10 |     3 |   1.19 |   0.74 |   0.22 |
| URAM                       |     64 |      0 |     0 |  20.00 |   0.00 |   0.00 |
| DSPs                       |     44 |    260 |     4 |   1.53 |   8.46 |   0.13 |
| Unique Control Sets        |   3106 |   6570 |  2253 |   2.83 |   6.08 |   2.09 |
+----------------------------+--------+--------+-------+--------+--------+--------+
* Note: Available Control Sets based on CLB Registers / 8


4. SLR IO Utilization
---------------------

+-----------+-----------+---------+------------+----------+------------+----------+-----+
| SLR Index | Used IOBs | (%)IOBs | Used IPADs | (%)IPADs | Used OPADs | (%)OPADs | GTs |
+-----------+-----------+---------+------------+----------+------------+----------+-----+
| SLR2      |         0 |    0.00 |          0 |     0.00 |          0 |     0.00 |   0 |
| SLR1      |         0 |    0.00 |          0 |     0.00 |          0 |     0.00 |   0 |
| SLR0      |        12 |    5.77 |          0 |     0.00 |          0 |     0.00 |  16 |
+-----------+-----------+---------+------------+----------+------------+----------+-----+
| Total     |        12 |         |          0 |          |          0 |          |  16 |
+-----------+-----------+---------+------------+----------+------------+----------+-----+


