Copyright 1986-2022 Xilinx, Inc. All Rights Reserved. Copyright 2022-2024 Advanced Micro Devices, Inc. All Rights Reserved.
---------------------------------------------------------------------------------------------------------------------------------------------
| Tool Version : Vivado v.2024.1 (lin64) Build 5076996 Wed May 22 18:36:09 MDT 2024
| Date         : Mon Jul 27 03:23:52 2026
| Host         : trifoliate running 64-bit Debian GNU/Linux trixie/sid
| Command      : report_utilization -slr -file slr_util_routed.rpt -pb slr_util_routed.pb
| Design       : level0_wrapper
| Device       : xcu55c-fsvh2892-2L-e
| Speed File   : -2L
| Design State : Routed
---------------------------------------------------------------------------------------------------------------------------------------------

Utilization Design Information

Table of Contents
-----------------
1. SLR Connectivity
2. SLR Connectivity Matrix
3. SLR CLB Logic and Dedicated Block Utilization
4. SLR IO Utilization

1. SLR Connectivity
-------------------

+----------------------------------+-------+-------+-----------+-------+
|                                  |  Used | Fixed | Available | Util% |
+----------------------------------+-------+-------+-----------+-------+
| SLR2 <-> SLR1                    |  8654 |       |     23040 | 37.56 |
|   SLR1 -> SLR2                   |  4626 |       |           | 20.08 |
|     Using TX_REG only            |     0 |     0 |           |       |
|     Using RX_REG only            |     0 |     0 |           |       |
|     Using Both TX_REG and RX_REG |     0 |     0 |           |       |
|   SLR2 -> SLR1                   |  4028 |       |           | 17.48 |
|     Using TX_REG only            |     0 |     0 |           |       |
|     Using RX_REG only            |     0 |     0 |           |       |
|     Using Both TX_REG and RX_REG |     0 |     0 |           |       |
| SLR1 <-> SLR0                    | 16529 |       |     23040 | 71.74 |
|   SLR0 -> SLR1                   |  8232 |       |           | 35.73 |
|     Using TX_REG only            |     0 |     0 |           |       |
|     Using RX_REG only            |     0 |     0 |           |       |
|     Using Both TX_REG and RX_REG |     0 |     0 |           |       |
|   SLR1 -> SLR0                   |  8297 |       |           | 36.01 |
|     Using TX_REG only            |     0 |     0 |           |       |
|     Using RX_REG only            |     0 |     0 |           |       |
|     Using Both TX_REG and RX_REG |     0 |     0 |           |       |
+----------------------------------+-------+-------+-----------+-------+
| Total SLLs Used                  | 25183 |       |           |       |
+----------------------------------+-------+-------+-----------+-------+


2. SLR Connectivity Matrix
--------------------------

+-----------+------+------+------+
| FROM \ TO | SLR2 | SLR1 | SLR0 |
+-----------+------+------+------+
| SLR2      |    0 | 3928 |  100 |
| SLR1      | 4563 |    0 | 8197 |
| SLR0      |   63 | 8169 |    0 |
+-----------+------+------+------+


3. SLR CLB Logic and Dedicated Block Utilization
------------------------------------------------

+----------------------------+--------+--------+-------+--------+--------+--------+
|          Site Type         |  SLR0  |  SLR1  |  SLR2 | SLR0 % | SLR1 % | SLR2 % |
+----------------------------+--------+--------+-------+--------+--------+--------+
| CLB                        |  31048 |  40441 | 16309 |  56.49 |  74.89 |  30.20 |
|   CLBL                     |  16008 |  21556 |  8528 |  54.67 |  73.62 |  29.13 |
|   CLBM                     |  15040 |  18885 |  7781 |  58.57 |  76.40 |  31.48 |
| CLB LUTs                   |  81662 | 209147 | 68573 |  18.57 |  48.41 |  15.87 |
|   LUT as Logic             |  65807 | 185511 | 57754 |  14.97 |  42.94 |  13.37 |
|     using O5 output only   |   1472 |   2355 |   925 |   0.33 |   0.55 |   0.21 |
|     using O6 output only   |  50339 | 144943 | 42921 |  11.45 |  33.55 |   9.94 |
|     using O5 and O6        |  13996 |  38213 | 13908 |   3.18 |   8.85 |   3.22 |
|   LUT as Memory            |  15855 |  23636 | 10819 |   7.72 |  11.95 |   5.47 |
|     LUT as Distributed RAM |   4878 |  11212 |  3768 |   2.37 |   5.67 |   1.91 |
|       using O6 output only |    250 |    514 |    12 |   0.12 |   0.26 |  <0.01 |
|       using O5 and O6      |   4628 |  10698 |  3756 |   2.25 |   5.41 |   1.90 |
|     LUT as Shift Register  |  10977 |  12424 |  7051 |   5.34 |   6.28 |   3.57 |
|       using O6 output only |   8941 |   9843 |  6105 |   4.35 |   4.98 |   3.09 |
|       using O5 and O6      |   2036 |   2581 |   946 |   0.99 |   1.31 |   0.48 |
| CLB Registers              | 161466 | 279057 | 91868 |  18.36 |  32.30 |  10.63 |
| CARRY8                     |    891 |   6675 |   646 |   1.62 |  12.36 |   1.20 |
| F7 Muxes                   |   4204 |   7585 |  4246 |   1.91 |   3.51 |   1.97 |
| F8 Muxes                   |    448 |   1723 |     4 |   0.41 |   1.60 |  <0.01 |
| F9 Muxes                   |      0 |      0 |     0 |   0.00 |   0.00 |   0.00 |
| Block RAM Tile             |    161 |    218 | 100.5 |  23.96 |  32.44 |  14.96 |
|   RAMB36/FIFO              |    153 |    213 |    99 |  22.77 |  31.70 |  14.73 |
|   RAMB18                   |     16 |     10 |     3 |   1.19 |   0.74 |   0.22 |
| URAM                       |     64 |      0 |     0 |  20.00 |   0.00 |   0.00 |
| DSPs                       |     44 |    260 |     4 |   1.53 |   8.46 |   0.13 |
| Unique Control Sets        |   3228 |   6401 |  2250 |   2.94 |   5.93 |   2.08 |
+----------------------------+--------+--------+-------+--------+--------+--------+
* Note: Available Control Sets based on CLB Registers / 8


4. SLR IO Utilization
---------------------

+-----------+-----------+---------+------------+----------+------------+----------+-----+
| SLR Index | Used IOBs | (%)IOBs | Used IPADs | (%)IPADs | Used OPADs | (%)OPADs | GTs |
+-----------+-----------+---------+------------+----------+------------+----------+-----+
| SLR2      |         0 |    0.00 |          0 |     0.00 |          0 |     0.00 |   0 |
| SLR1      |         0 |    0.00 |          0 |     0.00 |          0 |     0.00 |   0 |
| SLR0      |        12 |    5.77 |          0 |     0.00 |          0 |     0.00 |  16 |
+-----------+-----------+---------+------------+----------+------------+----------+-----+
| Total     |        12 |         |          0 |          |          0 |          |  16 |
+-----------+-----------+---------+------------+----------+------------+----------+-----+


