Copyright 1986-2022 Xilinx, Inc. All Rights Reserved. Copyright 2022-2024 Advanced Micro Devices, Inc. All Rights Reserved.
---------------------------------------------------------------------------------------------------------------------------------------------
| Tool Version : Vivado v.2024.1 (lin64) Build 5076996 Wed May 22 18:36:09 MDT 2024
| Date         : Mon Jul 27 03:25:24 2026
| Host         : trifoliate running 64-bit Debian GNU/Linux trixie/sid
| Command      : report_utilization -file full_util_routed.rpt -pb full_util_routed.pb
| Design       : level0_wrapper
| Device       : xcu55c-fsvh2892-2L-e
| Speed File   : -2L
| Design State : Routed
---------------------------------------------------------------------------------------------------------------------------------------------

Utilization Design Information

Table of Contents
-----------------
1. CLB Logic
1.1 Summary of Registers by Type
2. CLB Logic Distribution
3. BLOCKRAM
4. ARITHMETIC
5. I/O
6. CLOCK
7. ADVANCED
8. CONFIGURATION
9. Primitives
10. Black Boxes
11. Instantiated Netlists
12. SLR Connectivity
13. SLR Connectivity Matrix
14. SLR CLB Logic and Dedicated Block Utilization
15. SLR IO Utilization

1. CLB Logic
------------

+----------------------------+--------+--------+------------+-----------+-------+
|          Site Type         |  Used  |  Fixed | Prohibited | Available | Util% |
+----------------------------+--------+--------+------------+-----------+-------+
| CLB LUTs                   | 359382 | 107889 |          0 |   1303680 | 27.57 |
|   LUT as Logic             | 309072 | 101912 |          0 |   1303680 | 23.71 |
|   LUT as Memory            |  50310 |   5977 |          0 |    600960 |  8.37 |
|     LUT as Distributed RAM |  19858 |   4564 |            |           |       |
|     LUT as Shift Register  |  30452 |   1413 |            |           |       |
| CLB Registers              | 532391 | 136116 |          0 |   2607360 | 20.42 |
|   Register as Flip Flop    | 532387 | 136112 |          0 |   2607360 | 20.42 |
|   Register as Latch        |      0 |      0 |          0 |   2607360 |  0.00 |
|   Register as AND/OR       |      4 |      4 |          0 |   2607360 | <0.01 |
| CARRY8                     |   8212 |    946 |          0 |    162960 |  5.04 |
| F7 Muxes                   |  16035 |   1684 |          0 |    651840 |  2.46 |
| F8 Muxes                   |   2175 |    451 |          0 |    325920 |  0.67 |
| F9 Muxes                   |      0 |      0 |          0 |    162960 |  0.00 |
+----------------------------+--------+--------+------------+-----------+-------+
* Warning! LUT value is adjusted to account for LUT combining.


1.1 Summary of Registers by Type
--------------------------------

+--------+--------------+-------------+--------------+
|  Total | Clock Enable | Synchronous | Asynchronous |
+--------+--------------+-------------+--------------+
| 4      |            _ |           - |            - |
| 0      |            _ |           - |          Set |
| 0      |            _ |           - |        Reset |
| 0      |            _ |         Set |            - |
| 0      |            _ |       Reset |            - |
| 0      |          Yes |           - |            - |
| 392    |          Yes |           - |          Set |
| 6378   |          Yes |           - |        Reset |
| 11999  |          Yes |         Set |            - |
| 513618 |          Yes |       Reset |            - |
+--------+--------------+-------------+--------------+


2. CLB Logic Distribution
-------------------------

+--------------------------------------------+--------+--------+------------+-----------+-------+
|                  Site Type                 |  Used  |  Fixed | Prohibited | Available | Util% |
+--------------------------------------------+--------+--------+------------+-----------+-------+
| CLB                                        |  87798 |      0 |          0 |    162960 | 53.88 |
|   CLBL                                     |  46092 |      0 |            |           |       |
|   CLBM                                     |  41706 |      0 |            |           |       |
| LUT as Logic                               | 309072 | 101912 |          0 |   1303680 | 23.71 |
|   using O5 output only                     |   4752 |        |            |           |       |
|   using O6 output only                     | 238203 |        |            |           |       |
|   using O5 and O6                          |  66117 |        |            |           |       |
| LUT as Memory                              |  50310 |   5977 |          0 |    600960 |  8.37 |
|   LUT as Distributed RAM                   |  19858 |   4564 |            |           |       |
|     using O5 output only                   |      0 |        |            |           |       |
|     using O6 output only                   |    776 |        |            |           |       |
|     using O5 and O6                        |  19082 |        |            |           |       |
|   LUT as Shift Register                    |  30452 |   1413 |            |           |       |
|     using O5 output only                   |      0 |        |            |           |       |
|     using O6 output only                   |  24889 |        |            |           |       |
|     using O5 and O6                        |   5563 |        |            |           |       |
| CLB Registers                              | 532391 |      0 |          0 |   2607360 | 20.42 |
|   Register driven from within the CLB      | 199905 |        |            |           |       |
|   Register driven from outside the CLB     | 332486 |        |            |           |       |
|     LUT in front of the register is unused | 227030 |        |            |           |       |
|     LUT in front of the register is used   | 105456 |        |            |           |       |
| Unique Control Sets                        |  11818 |        |          0 |    325920 |  3.63 |
+--------------------------------------------+--------+--------+------------+-----------+-------+
* * Note: Available Control Sets calculated as Slices * 2, Review the Control Sets Report for more information regarding control sets.


3. BLOCKRAM
-----------

+-------------------+-------+-------+------------+-----------+-------+
|     Site Type     |  Used | Fixed | Prohibited | Available | Util% |
+-------------------+-------+-------+------------+-----------+-------+
| Block RAM Tile    | 479.5 |     0 |          0 |      2016 | 23.78 |
|   RAMB36/FIFO*    |   465 |   193 |          0 |      2016 | 23.07 |
|     RAMB36E2 only |   465 |       |            |           |       |
|   RAMB18          |    29 |     6 |          0 |      4032 |  0.72 |
|     RAMB18E2 only |    29 |       |            |           |       |
| URAM              |    64 |     0 |          0 |       960 |  6.67 |
+-------------------+-------+-------+------------+-----------+-------+
* Note: Each Block RAM Tile only has one FIFO logic available and therefore can accommodate only one FIFO36E2 or one FIFO18E2. However, if a FIFO18E2 occupies a Block RAM Tile, that tile can still accommodate a RAMB18E2


4. ARITHMETIC
-------------

+----------------+------+-------+------------+-----------+-------+
|    Site Type   | Used | Fixed | Prohibited | Available | Util% |
+----------------+------+-------+------------+-----------+-------+
| DSPs           |  308 |     4 |          0 |      9024 |  3.41 |
|   DSP48E2 only |  308 |       |            |           |       |
+----------------+------+-------+------------+-----------+-------+


5. I/O
------

+------------------+------+-------+------------+-----------+-------+
|     Site Type    | Used | Fixed | Prohibited | Available | Util% |
+------------------+------+-------+------------+-----------+-------+
| Bonded IOB       |   12 |    12 |          0 |       624 |  1.92 |
| HPIOB_M          |    6 |     6 |          0 |       288 |  2.08 |
|   INPUT          |    3 |       |            |           |       |
|   OUTPUT         |    3 |       |            |           |       |
|   BIDIR          |    0 |       |            |           |       |
| HPIOB_S          |    5 |     5 |          0 |       288 |  1.74 |
|   INPUT          |    5 |       |            |           |       |
|   OUTPUT         |    0 |       |            |           |       |
|   BIDIR          |    0 |       |            |           |       |
| HPIOB_SNGL       |    1 |     1 |          0 |        48 |  2.08 |
|   INPUT          |    1 |       |            |           |       |
|   OUTPUT         |    0 |       |            |           |       |
|   BIDIR          |    0 |       |            |           |       |
| HPIOBDIFFINBUF   |    1 |     1 |          0 |       288 |  0.35 |
|   DIFFINBUF      |    1 |     1 |            |           |       |
| HPIOBDIFFOUTBUF  |    0 |     0 |          0 |       288 |  0.00 |
| BITSLICE_CONTROL |    0 |     0 |          0 |        96 |  0.00 |
| BITSLICE_RX_TX   |    0 |     0 |          0 |      3744 |  0.00 |
| BITSLICE_TX      |    0 |     0 |          0 |        96 |  0.00 |
| RIU_OR           |    0 |     0 |          0 |        48 |  0.00 |
+------------------+------+-------+------------+-----------+-------+


6. CLOCK
--------

+------------+------+-------+------------+-----------+-------+
|  Site Type | Used | Fixed | Prohibited | Available | Util% |
+------------+------+-------+------------+-----------+-------+
| BUFGCE     |   40 |     6 |          0 |       288 | 13.89 |
| BUFGCE_DIV |    1 |     1 |          0 |        48 |  2.08 |
| BUFG_GT    |   22 |    22 |          0 |       576 |  3.82 |
| BUFGCTRL*  |    1 |     1 |          0 |        96 |  1.04 |
| PLL        |    1 |     1 |          0 |        24 |  4.17 |
| MMCM       |    3 |     1 |          0 |        12 | 25.00 |
+------------+------+-------+------------+-----------+-------+
* Note: Each used BUFGCTRL counts as two GLOBAL CLOCK BUFFERs. This table does not include global clocking resources, only buffer cell usage. See the Clock Utilization Report (report_clock_utilization) for detailed accounting of global clocking resource availability.


7. ADVANCED
-----------

+----------------------+------+-------+------------+-----------+--------+
|       Site Type      | Used | Fixed | Prohibited | Available |  Util% |
+----------------------+------+-------+------------+-----------+--------+
| CMACE4               |    0 |     0 |          0 |         8 |   0.00 |
| GTYE4_CHANNEL        |   16 |    16 |          0 |        40 |  40.00 |
| GTYE4_COMMON         |    4 |     4 |          0 |        10 |  40.00 |
| HBM_REF_CLK          |    2 |     2 |          0 |         2 | 100.00 |
| HBM_SNGLBLI_INTF_APB |    2 |     2 |          0 |        32 |   6.25 |
| HBM_SNGLBLI_INTF_AXI |   32 |    32 |          0 |        32 | 100.00 |
| ILKNE4               |    0 |     0 |          0 |         4 |   0.00 |
| OBUFDS_GTE4          |    0 |     0 |          0 |        20 |   0.00 |
| OBUFDS_GTE4_ADV      |    0 |     0 |          0 |        20 |   0.00 |
| PCIE40E4             |    0 |     0 |          0 |         2 |   0.00 |
| PCIE4CE4             |    1 |     1 |          0 |         4 |  25.00 |
| SYSMONE4             |    0 |     0 |          0 |         3 |   0.00 |
+----------------------+------+-------+------------+-----------+--------+


8. CONFIGURATION
----------------

+-------------+------+-------+------------+-----------+-------+
|  Site Type  | Used | Fixed | Prohibited | Available | Util% |
+-------------+------+-------+------------+-----------+-------+
| BSCANE2     |    1 |     1 |          0 |        12 |  8.33 |
| DNA_PORTE2  |    0 |     0 |          0 |         3 |  0.00 |
| EFUSE_USR   |    0 |     0 |          0 |         3 |  0.00 |
| FRAME_ECCE4 |    0 |     0 |          0 |         3 |  0.00 |
| ICAPE3      |    1 |     1 |          0 |         6 | 16.67 |
| MASTER_JTAG |    0 |     0 |          0 |         3 |  0.00 |
| STARTUPE3   |    1 |     1 |          0 |         3 | 33.33 |
+-------------+------+-------+------------+-----------+-------+


9. Primitives
-------------

+----------------------+--------+---------------------+
|       Ref Name       |  Used  | Functional Category |
+----------------------+--------+---------------------+
| FDRE                 | 513618 |            Register |
| LUT6                 | 109958 |                 CLB |
| LUT3                 | 100946 |                 CLB |
| LUT4                 |  75132 |                 CLB |
| LUT5                 |  52712 |                 CLB |
| RAMD32               |  33530 |                 CLB |
| LUT2                 |  29583 |                 CLB |
| SRLC32E              |  22514 |                 CLB |
| MUXF7                |  16035 |                 CLB |
| SRL16E               |  13487 |                 CLB |
| FDSE                 |  11999 |            Register |
| CARRY8               |   8212 |                 CLB |
| LUT1                 |   6858 |                 CLB |
| FDCE                 |   6378 |            Register |
| RAMS32               |   4754 |                 CLB |
| MUXF8                |   2175 |                 CLB |
| RAMD64E              |    616 |                 CLB |
| RAMB36E2             |    465 |            BLOCKRAM |
| FDPE                 |    392 |            Register |
| DSP48E2              |    308 |          Arithmetic |
| URAM288              |     64 |            BLOCKRAM |
| RAMS64E              |     40 |                 CLB |
| BUFGCE               |     40 |               Clock |
| HBM_SNGLBLI_INTF_AXI |     32 |            Advanced |
| RAMB18E2             |     29 |            BLOCKRAM |
| BUFG_GT              |     22 |               Clock |
| BUFG_GT_SYNC         |     17 |               Clock |
| GTYE4_CHANNEL        |     16 |            Advanced |
| SRLC16E              |     14 |                 CLB |
| IBUFCTRL             |      8 |              Others |
| INBUF                |      7 |                 I/O |
| GTYE4_COMMON         |      4 |            Advanced |
| AND2B1L              |      4 |              Others |
| OBUF                 |      3 |                 I/O |
| MMCME4_ADV           |      3 |               Clock |
| HBM_SNGLBLI_INTF_APB |      2 |            Advanced |
| HBM_REF_CLK          |      2 |            Advanced |
| STARTUPE3            |      1 |       Configuration |
| PLLE4_ADV            |      1 |               Clock |
| PCIE4CE4             |      1 |            Advanced |
| ICAPE3               |      1 |       Configuration |
| IBUFDS_GTE4          |      1 |                 I/O |
| DIFFINBUF            |      1 |                 I/O |
| BUFGCTRL             |      1 |               Clock |
| BUFGCE_DIV           |      1 |               Clock |
| BSCANE2              |      1 |       Configuration |
+----------------------+--------+---------------------+


10. Black Boxes
---------------

+----------+------+
| Ref Name | Used |
+----------+------+


11. Instantiated Netlists
-------------------------

+------------------------------------------------------------+------+
|                          Ref Name                          | Used |
+------------------------------------------------------------+------+
| xsdbm                                                      |    1 |
| ulp_xbar_7                                                 |    1 |
| ulp_xbar_6                                                 |    1 |
| ulp_xbar_5                                                 |    1 |
| ulp_xbar_4                                                 |    1 |
| ulp_ulp_ucs_0                                              |    1 |
| ulp_ulp_cmp_0                                              |    1 |
| ulp_s00_regslice_20                                        |    1 |
| ulp_s00_regslice_19                                        |    1 |
| ulp_s00_regslice_18                                        |    1 |
| ulp_regslice_control_userpf_2                              |    1 |
| ulp_regslice_control_userpf_1                              |    1 |
| ulp_regslice_control_userpf_0                              |    1 |
| ulp_regraph_pagerank_apply_1_0                             |    1 |
| ulp_process_ddr_2_0                                        |    1 |
| ulp_process_ddr_1_0                                        |    1 |
| ulp_process_cache_2_0                                      |    1 |
| ulp_process_cache_1_0                                      |    1 |
| ulp_proc_sys_reset_kernel_slr2_0                           |    1 |
| ulp_proc_sys_reset_kernel_slr1_0                           |    1 |
| ulp_proc_sys_reset_kernel_slr0_0                           |    1 |
| ulp_proc_sys_reset_ctrl_slr2_0                             |    1 |
| ulp_proc_sys_reset_ctrl_slr1_0                             |    1 |
| ulp_proc_sys_reset_ctrl_slr0_0                             |    1 |
| ulp_pr_source_1_0                                          |    1 |
| ulp_pma_to_regraph_adapter_1_0                             |    1 |
| ulp_m07_regslice_0                                         |    1 |
| ulp_m06_regslice_0                                         |    1 |
| ulp_m05_regslice_0                                         |    1 |
| ulp_m04_regslice_8                                         |    1 |
| ulp_m04_regslice_7                                         |    1 |
| ulp_m04_regslice_6                                         |    1 |
| ulp_m03_regslice_8                                         |    1 |
| ulp_m03_regslice_7                                         |    1 |
| ulp_m03_regslice_6                                         |    1 |
| ulp_m02_regslice_8                                         |    1 |
| ulp_m02_regslice_7                                         |    1 |
| ulp_m02_regslice_6                                         |    1 |
| ulp_m01_regslice_8                                         |    1 |
| ulp_m01_regslice_7                                         |    1 |
| ulp_m01_regslice_6                                         |    1 |
| ulp_m00_regslice_8                                         |    1 |
| ulp_m00_regslice_7                                         |    1 |
| ulp_m00_regslice_6                                         |    1 |
| ulp_lksg_stream_1_0                                        |    1 |
| ulp_kernelLittleGSMerger_1_0                               |    1 |
| ulp_kernelHBMWrapper_1_0                                   |    1 |
| ulp_ii_level0_wire_0                                       |    1 |
| ulp_hmss_0_0                                               |    1 |
| ulp_grasu_degree_update_1_0                                |    1 |
| ulp_dispatch_degree_1_0                                    |    1 |
| ulp_buffer_regraph_pagerank_apply_1_source_prop_write_0    |    1 |
| ulp_buffer_pma_to_regraph_adapter_1_edge_burst_out_0       |    1 |
| ulp_buffer_lksg_stream_1_l_tmp_prop_stm_0                  |    1 |
| ulp_buffer_lksg_stream_1_l_ppb_request_stm_0               |    1 |
| ulp_buffer_kernelLittleGSMerger_1_l_write_burst_stm_0      |    1 |
| ulp_buffer_kernelHBMWrapper_1_l_ppb_response_stm_1_0       |    1 |
| ulp_buffer_dispatch_degree_1_dispatch_to_process_ddr_2_0   |    1 |
| ulp_buffer_dispatch_degree_1_dispatch_to_process_ddr_1_0   |    1 |
| ulp_buffer_dispatch_degree_1_dispatch_to_process_cache_2_0 |    1 |
| ulp_buffer_dispatch_degree_1_dispatch_to_process_cache_1_0 |    1 |
| ulp_buffer_dispatch_degree_1_degree_delta_0                |    1 |
| ulp_buffer_bin_search_4_segment_head_stream_out_0          |    1 |
| ulp_buffer_bin_search_3_segment_head_stream_out_0          |    1 |
| ulp_buffer_bin_search_2_segment_head_stream_out_0          |    1 |
| ulp_buffer_bin_search_1_segment_head_stream_out_0          |    1 |
| ulp_bin_search_4_0                                         |    1 |
| ulp_bin_search_3_0                                         |    1 |
| ulp_bin_search_2_0                                         |    1 |
| ulp_bin_search_1_0                                         |    1 |
| ulp_axi_vip_data_0                                         |    1 |
| ulp_axi_vip_ctrl_userpf_2                                  |    1 |
| ulp_axi_vip_ctrl_userpf_1                                  |    1 |
| ulp_axi_vip_ctrl_userpf_0                                  |    1 |
| ulp_axi_gpio_null_2                                        |    1 |
| ulp_axi_gpio_null_1                                        |    1 |
| ulp_axi_gpio_null_0                                        |    1 |
| ulp_auto_cc_9                                              |    1 |
| ulp_auto_cc_8                                              |    1 |
| ulp_auto_cc_7                                              |    1 |
| ulp_auto_cc_6                                              |    1 |
| ulp_auto_cc_5                                              |    1 |
| ulp_auto_cc_4                                              |    1 |
| ulp_auto_cc_3                                              |    1 |
| ulp_auto_cc_2                                              |    1 |
| ulp_auto_cc_17                                             |    1 |
| ulp_auto_cc_16                                             |    1 |
| ulp_auto_cc_15                                             |    1 |
| ulp_auto_cc_14                                             |    1 |
| ulp_auto_cc_13                                             |    1 |
| ulp_auto_cc_12                                             |    1 |
| ulp_auto_cc_11                                             |    1 |
| ulp_auto_cc_10                                             |    1 |
| ulp_auto_cc_1                                              |    1 |
| ulp_auto_cc_0                                              |    1 |
| ulp                                                        |    1 |
| level0_ii_level0_pipe_0                                    |    1 |
| blp_wrapper                                                |    1 |
| bd_85ad_vip_S27_0                                          |    1 |
| bd_85ad_vip_S26_0                                          |    1 |
| bd_85ad_vip_S25_0                                          |    1 |
| bd_85ad_vip_S24_0                                          |    1 |
| bd_85ad_vip_S23_0                                          |    1 |
| bd_85ad_vip_S22_0                                          |    1 |
| bd_85ad_vip_S21_0                                          |    1 |
| bd_85ad_vip_S20_0                                          |    1 |
| bd_85ad_vip_S19_0                                          |    1 |
| bd_85ad_vip_S18_0                                          |    1 |
| bd_85ad_vip_S17_0                                          |    1 |
| bd_85ad_vip_S16_0                                          |    1 |
| bd_85ad_vip_S15_0                                          |    1 |
| bd_85ad_vip_S14_0                                          |    1 |
| bd_85ad_vip_S13_0                                          |    1 |
| bd_85ad_vip_S12_0                                          |    1 |
| bd_85ad_vip_S11_0                                          |    1 |
| bd_85ad_vip_S10_0                                          |    1 |
| bd_85ad_vip_S09_0                                          |    1 |
| bd_85ad_vip_S08_0                                          |    1 |
| bd_85ad_vip_S07_0                                          |    1 |
| bd_85ad_vip_S06_0                                          |    1 |
| bd_85ad_vip_S05_0                                          |    1 |
| bd_85ad_vip_S04_0                                          |    1 |
| bd_85ad_vip_S03_0                                          |    1 |
| bd_85ad_vip_S02_0                                          |    1 |
| bd_85ad_vip_S01_0                                          |    1 |
| bd_85ad_vip_S00_0                                          |    1 |
| bd_85ad_util_vector_logic_0                                |    1 |
| bd_85ad_slice9_8_0                                         |    1 |
| bd_85ad_slice8_7_0                                         |    1 |
| bd_85ad_slice7_5_0                                         |    1 |
| bd_85ad_slice6_6_0                                         |    1 |
| bd_85ad_slice5_4_0                                         |    1 |
| bd_85ad_slice4_3_0                                         |    1 |
| bd_85ad_slice3_2_0                                         |    1 |
| bd_85ad_slice2_1_0                                         |    1 |
| bd_85ad_slice27_25_0                                       |    1 |
| bd_85ad_slice26_26_0                                       |    1 |
| bd_85ad_slice25_24_0                                       |    1 |
| bd_85ad_slice24_23_0                                       |    1 |
| bd_85ad_slice23_21_0                                       |    1 |
| bd_85ad_slice22_22_0                                       |    1 |
| bd_85ad_slice21_20_0                                       |    1 |
| bd_85ad_slice20_19_0                                       |    1 |
| bd_85ad_slice1_0_0                                         |    1 |
| bd_85ad_slice19_17_0                                       |    1 |
| bd_85ad_slice18_18_0                                       |    1 |
| bd_85ad_slice17_16_0                                       |    1 |
| bd_85ad_slice16_15_0                                       |    1 |
| bd_85ad_slice15_13_0                                       |    1 |
| bd_85ad_slice14_14_0                                       |    1 |
| bd_85ad_slice13_12_0                                       |    1 |
| bd_85ad_slice12_11_0                                       |    1 |
| bd_85ad_slice11_9_0                                        |    1 |
| bd_85ad_slice10_10_0                                       |    1 |
| bd_85ad_slice0_27_0                                        |    1 |
| bd_85ad_interconnect9_8_0                                  |    1 |
| bd_85ad_interconnect8_7_0                                  |    1 |
| bd_85ad_interconnect7_5_0                                  |    1 |
| bd_85ad_interconnect6_6_0                                  |    1 |
| bd_85ad_interconnect5_4_0                                  |    1 |
| bd_85ad_interconnect4_3_0                                  |    1 |
| bd_85ad_interconnect3_2_0                                  |    1 |
| bd_85ad_interconnect2_1_0                                  |    1 |
| bd_85ad_interconnect27_25_0                                |    1 |
| bd_85ad_interconnect26_26_0                                |    1 |
| bd_85ad_interconnect25_24_0                                |    1 |
| bd_85ad_interconnect24_23_0                                |    1 |
| bd_85ad_interconnect23_21_0                                |    1 |
| bd_85ad_interconnect22_22_0                                |    1 |
| bd_85ad_interconnect21_20_0                                |    1 |
| bd_85ad_interconnect20_19_0                                |    1 |
| bd_85ad_interconnect1_0_0                                  |    1 |
| bd_85ad_interconnect19_17_0                                |    1 |
| bd_85ad_interconnect18_18_0                                |    1 |
| bd_85ad_interconnect17_16_0                                |    1 |
| bd_85ad_interconnect16_15_0                                |    1 |
| bd_85ad_interconnect15_13_0                                |    1 |
| bd_85ad_interconnect14_14_0                                |    1 |
| bd_85ad_interconnect13_12_0                                |    1 |
| bd_85ad_interconnect12_11_0                                |    1 |
| bd_85ad_interconnect11_9_0                                 |    1 |
| bd_85ad_interconnect10_10_0                                |    1 |
| bd_85ad_interconnect0_27_0                                 |    1 |
| bd_85ad_init_reduce_0                                      |    1 |
| bd_85ad_hbm_reset_sync_SLR2_0                              |    1 |
| bd_85ad_hbm_reset_sync_SLR1_0                              |    1 |
| bd_85ad_hbm_reset_sync_SLR0_0                              |    1 |
| bd_85ad_hbm_inst_0                                         |    1 |
| bd_85ad_axi_apb_bridge_inst_0                              |    1 |
| bd_7cf0_bsip_0                                             |    1 |
| bd_7cf0_bs_switch_1_0                                      |    1 |
| bd_7cf0_axi_jtag_0                                         |    1 |
| bd_58f6_xsdbm_0                                            |    1 |
| bd_58f6_lut_buffer_0                                       |    1 |
| bd_22c0_xbar_1                                             |    1 |
| bd_22c0_xbar_0                                             |    1 |
| bd_22c0_psreset_kernel_01_0                                |    1 |
| bd_22c0_psreset_kernel_00_0                                |    1 |
| bd_22c0_psreset_hbm_0                                      |    1 |
| bd_22c0_psreset_aclk_freerun_0                             |    1 |
| bd_22c0_gpio_ucs_control_status_0                          |    1 |
| bd_22c0_gpio_gapping_demand_0                              |    1 |
| bd_22c0_gapping_demand_update_0                            |    1 |
| bd_22c0_gapping_demand_toggle_0                            |    1 |
| bd_22c0_frequency_counter_aclk_kernel_01_0                 |    1 |
| bd_22c0_frequency_counter_aclk_kernel_00_0                 |    1 |
| bd_22c0_frequency_counter_aclk_hbm_0                       |    1 |
| bd_22c0_frequency_counter_aclk_0                           |    1 |
| bd_22c0_fanout_aresetn_pcie_slr2_4_0                       |    1 |
| bd_22c0_fanout_aresetn_pcie_slr2_3_0                       |    1 |
| bd_22c0_fanout_aresetn_pcie_slr2_2_0                       |    1 |
| bd_22c0_fanout_aresetn_pcie_slr2_1_0                       |    1 |
| bd_22c0_fanout_aresetn_pcie_slr1_4_0                       |    1 |
| bd_22c0_fanout_aresetn_pcie_slr1_3_0                       |    1 |
| bd_22c0_fanout_aresetn_pcie_slr1_2_0                       |    1 |
| bd_22c0_fanout_aresetn_pcie_slr1_1_0                       |    1 |
| bd_22c0_fanout_aresetn_pcie_slr0_4_0                       |    1 |
| bd_22c0_fanout_aresetn_pcie_slr0_3_0                       |    1 |
| bd_22c0_fanout_aresetn_pcie_slr0_2_0                       |    1 |
| bd_22c0_fanout_aresetn_pcie_slr0_1_0                       |    1 |
| bd_22c0_fanout_aresetn_kernel_01_slr2_4_0                  |    1 |
| bd_22c0_fanout_aresetn_kernel_01_slr2_3_0                  |    1 |
| bd_22c0_fanout_aresetn_kernel_01_slr2_2_0                  |    1 |
| bd_22c0_fanout_aresetn_kernel_01_slr2_1_0                  |    1 |
| bd_22c0_fanout_aresetn_kernel_01_slr1_4_0                  |    1 |
| bd_22c0_fanout_aresetn_kernel_01_slr1_3_0                  |    1 |
| bd_22c0_fanout_aresetn_kernel_01_slr1_2_0                  |    1 |
| bd_22c0_fanout_aresetn_kernel_01_slr1_1_0                  |    1 |
| bd_22c0_fanout_aresetn_kernel_01_slr0_4_0                  |    1 |
| bd_22c0_fanout_aresetn_kernel_01_slr0_3_0                  |    1 |
| bd_22c0_fanout_aresetn_kernel_01_slr0_2_0                  |    1 |
| bd_22c0_fanout_aresetn_kernel_01_slr0_1_0                  |    1 |
| bd_22c0_fanout_aresetn_kernel_00_slr2_4_0                  |    1 |
| bd_22c0_fanout_aresetn_kernel_00_slr2_3_0                  |    1 |
| bd_22c0_fanout_aresetn_kernel_00_slr2_2_0                  |    1 |
| bd_22c0_fanout_aresetn_kernel_00_slr2_1_0                  |    1 |
| bd_22c0_fanout_aresetn_kernel_00_slr1_4_0                  |    1 |
| bd_22c0_fanout_aresetn_kernel_00_slr1_3_0                  |    1 |
| bd_22c0_fanout_aresetn_kernel_00_slr1_2_0                  |    1 |
| bd_22c0_fanout_aresetn_kernel_00_slr1_1_0                  |    1 |
| bd_22c0_fanout_aresetn_kernel_00_slr0_4_0                  |    1 |
| bd_22c0_fanout_aresetn_kernel_00_slr0_3_0                  |    1 |
| bd_22c0_fanout_aresetn_kernel_00_slr0_2_0                  |    1 |
| bd_22c0_fanout_aresetn_kernel_00_slr0_1_0                  |    1 |
| bd_22c0_fanout_aresetn_hbm_0                               |    1 |
| bd_22c0_fanout_aresetn_ctrl_slr2_4_0                       |    1 |
| bd_22c0_fanout_aresetn_ctrl_slr2_3_0                       |    1 |
| bd_22c0_fanout_aresetn_ctrl_slr2_2_0                       |    1 |
| bd_22c0_fanout_aresetn_ctrl_slr2_1_0                       |    1 |
| bd_22c0_fanout_aresetn_ctrl_slr1_4_0                       |    1 |
| bd_22c0_fanout_aresetn_ctrl_slr1_3_0                       |    1 |
| bd_22c0_fanout_aresetn_ctrl_slr1_2_0                       |    1 |
| bd_22c0_fanout_aresetn_ctrl_slr1_1_0                       |    1 |
| bd_22c0_fanout_aresetn_ctrl_slr0_4_0                       |    1 |
| bd_22c0_fanout_aresetn_ctrl_slr0_3_0                       |    1 |
| bd_22c0_fanout_aresetn_ctrl_slr0_2_0                       |    1 |
| bd_22c0_fanout_aresetn_ctrl_slr0_1_0                       |    1 |
| bd_22c0_clock_throttling_avg_0                             |    1 |
| bd_22c0_clock_throttling_aclk_kernel_01_0                  |    1 |
| bd_22c0_clock_throttling_aclk_kernel_00_0                  |    1 |
| bd_22c0_clock_shutdown_latch_0                             |    1 |
| bd_22c0_clkwiz_hbm_0                                       |    1 |
| bd_22c0_clkwiz_aclk_kernel_01_0                            |    1 |
| bd_22c0_clkwiz_aclk_kernel_00_0                            |    1 |
| bd_22c0_clk_hbm_adapt_0                                    |    1 |
| bd_22c0_build_info_0                                       |    1 |
| bd_22c0_auto_cc_0                                          |    1 |
| bd_22c0_aclk_kernel_01_cont_adapt_0                        |    1 |
| bd_22c0_aclk_kernel_01_adapt_0                             |    1 |
| bd_22c0_aclk_kernel_00_cont_adapt_0                        |    1 |
| bd_22c0_aclk_kernel_00_adapt_0                             |    1 |
| bd_097b_user_debug_hub_0                                   |    1 |
| bd_097b_user_debug_bridge_0                                |    1 |
| bd_097b_build_info_0                                       |    1 |
+------------------------------------------------------------+------+


12. SLR Connectivity
--------------------

+----------------------------------+-------+-------+-----------+-------+
|                                  |  Used | Fixed | Available | Util% |
+----------------------------------+-------+-------+-----------+-------+
| SLR2 <-> SLR1                    |  8654 |       |     23040 | 37.56 |
|   SLR1 -> SLR2                   |  4626 |       |           | 20.08 |
|     Using TX_REG only            |     0 |     0 |           |       |
|     Using RX_REG only            |     0 |     0 |           |       |
|     Using Both TX_REG and RX_REG |     0 |     0 |           |       |
|   SLR2 -> SLR1                   |  4028 |       |           | 17.48 |
|     Using TX_REG only            |     0 |     0 |           |       |
|     Using RX_REG only            |     0 |     0 |           |       |
|     Using Both TX_REG and RX_REG |     0 |     0 |           |       |
| SLR1 <-> SLR0                    | 16529 |       |     23040 | 71.74 |
|   SLR0 -> SLR1                   |  8232 |       |           | 35.73 |
|     Using TX_REG only            |     0 |     0 |           |       |
|     Using RX_REG only            |     0 |     0 |           |       |
|     Using Both TX_REG and RX_REG |     0 |     0 |           |       |
|   SLR1 -> SLR0                   |  8297 |       |           | 36.01 |
|     Using TX_REG only            |     0 |     0 |           |       |
|     Using RX_REG only            |     0 |     0 |           |       |
|     Using Both TX_REG and RX_REG |     0 |     0 |           |       |
+----------------------------------+-------+-------+-----------+-------+
| Total SLLs Used                  | 25183 |       |           |       |
+----------------------------------+-------+-------+-----------+-------+


13. SLR Connectivity Matrix
---------------------------

+-----------+------+------+------+
| FROM \ TO | SLR2 | SLR1 | SLR0 |
+-----------+------+------+------+
| SLR2      |    0 | 3928 |  100 |
| SLR1      | 4563 |    0 | 8197 |
| SLR0      |   63 | 8169 |    0 |
+-----------+------+------+------+


14. SLR CLB Logic and Dedicated Block Utilization
-------------------------------------------------

+----------------------------+--------+--------+-------+--------+--------+--------+
|          Site Type         |  SLR0  |  SLR1  |  SLR2 | SLR0 % | SLR1 % | SLR2 % |
+----------------------------+--------+--------+-------+--------+--------+--------+
| CLB                        |  31048 |  40441 | 16309 |  56.49 |  74.89 |  30.20 |
|   CLBL                     |  16008 |  21556 |  8528 |  54.67 |  73.62 |  29.13 |
|   CLBM                     |  15040 |  18885 |  7781 |  58.57 |  76.40 |  31.48 |
| CLB LUTs                   |  81662 | 209147 | 68573 |  18.57 |  48.41 |  15.87 |
|   LUT as Logic             |  65807 | 185511 | 57754 |  14.97 |  42.94 |  13.37 |
|     using O5 output only   |   1472 |   2355 |   925 |   0.33 |   0.55 |   0.21 |
|     using O6 output only   |  50339 | 144943 | 42921 |  11.45 |  33.55 |   9.94 |
|     using O5 and O6        |  13996 |  38213 | 13908 |   3.18 |   8.85 |   3.22 |
|   LUT as Memory            |  15855 |  23636 | 10819 |   7.72 |  11.95 |   5.47 |
|     LUT as Distributed RAM |   4878 |  11212 |  3768 |   2.37 |   5.67 |   1.91 |
|       using O6 output only |    250 |    514 |    12 |   0.12 |   0.26 |  <0.01 |
|       using O5 and O6      |   4628 |  10698 |  3756 |   2.25 |   5.41 |   1.90 |
|     LUT as Shift Register  |  10977 |  12424 |  7051 |   5.34 |   6.28 |   3.57 |
|       using O6 output only |   8941 |   9843 |  6105 |   4.35 |   4.98 |   3.09 |
|       using O5 and O6      |   2036 |   2581 |   946 |   0.99 |   1.31 |   0.48 |
| CLB Registers              | 161466 | 279057 | 91868 |  18.36 |  32.30 |  10.63 |
| CARRY8                     |    891 |   6675 |   646 |   1.62 |  12.36 |   1.20 |
| F7 Muxes                   |   4204 |   7585 |  4246 |   1.91 |   3.51 |   1.97 |
| F8 Muxes                   |    448 |   1723 |     4 |   0.41 |   1.60 |  <0.01 |
| F9 Muxes                   |      0 |      0 |     0 |   0.00 |   0.00 |   0.00 |
| Block RAM Tile             |    161 |    218 | 100.5 |  23.96 |  32.44 |  14.96 |
|   RAMB36/FIFO              |    153 |    213 |    99 |  22.77 |  31.70 |  14.73 |
|   RAMB18                   |     16 |     10 |     3 |   1.19 |   0.74 |   0.22 |
| URAM                       |     64 |      0 |     0 |  20.00 |   0.00 |   0.00 |
| DSPs                       |     44 |    260 |     4 |   1.53 |   8.46 |   0.13 |
| Unique Control Sets        |   3228 |   6401 |  2250 |   2.94 |   5.93 |   2.08 |
+----------------------------+--------+--------+-------+--------+--------+--------+
* Note: Available Control Sets based on CLB Registers / 8


15. SLR IO Utilization
----------------------

+-----------+-----------+---------+------------+----------+------------+----------+-----+
| SLR Index | Used IOBs | (%)IOBs | Used IPADs | (%)IPADs | Used OPADs | (%)OPADs | GTs |
+-----------+-----------+---------+------------+----------+------------+----------+-----+
| SLR2      |         0 |    0.00 |          0 |     0.00 |          0 |     0.00 |   0 |
| SLR1      |         0 |    0.00 |          0 |     0.00 |          0 |     0.00 |   0 |
| SLR0      |        12 |    5.77 |          0 |     0.00 |          0 |     0.00 |  16 |
+-----------+-----------+---------+------------+----------+------------+----------+-----+
| Total     |        12 |         |          0 |          |          0 |          |  16 |
+-----------+-----------+---------+------------+----------+------------+----------+-----+


