Copyright 1986-2022 Xilinx, Inc. All Rights Reserved. Copyright 2022-2024 Advanced Micro Devices, Inc. All Rights Reserved.
---------------------------------------------------------------------------------------------------------------------------------------------
| Tool Version : Vivado v.2024.1 (lin64) Build 5076996 Wed May 22 18:36:09 MDT 2024
| Date         : Thu Aug  6 22:08:08 2026
| Host         : trifoliate running 64-bit Debian GNU/Linux trixie/sid
| Command      : report_utilization -slr -file slr_util_routed.rpt -pb slr_util_routed.pb
| Design       : level0_wrapper
| Device       : xcu55c-fsvh2892-2L-e
| Speed File   : -2L
| Design State : Routed
---------------------------------------------------------------------------------------------------------------------------------------------

Utilization Design Information

Table of Contents
-----------------
1. SLR Connectivity
2. SLR Connectivity Matrix
3. SLR CLB Logic and Dedicated Block Utilization
4. SLR IO Utilization

1. SLR Connectivity
-------------------

+----------------------------------+-------+-------+-----------+-------+
|                                  |  Used | Fixed | Available | Util% |
+----------------------------------+-------+-------+-----------+-------+
| SLR2 <-> SLR1                    |  9613 |       |     23040 | 41.72 |
|   SLR1 -> SLR2                   |  5443 |       |           | 23.62 |
|     Using TX_REG only            |     0 |     0 |           |       |
|     Using RX_REG only            |     0 |     0 |           |       |
|     Using Both TX_REG and RX_REG |     0 |     0 |           |       |
|   SLR2 -> SLR1                   |  4170 |       |           | 18.10 |
|     Using TX_REG only            |     0 |     0 |           |       |
|     Using RX_REG only            |     0 |     0 |           |       |
|     Using Both TX_REG and RX_REG |     0 |     0 |           |       |
| SLR1 <-> SLR0                    | 13907 |       |     23040 | 60.36 |
|   SLR0 -> SLR1                   |  7808 |       |           | 33.89 |
|     Using TX_REG only            |     0 |     0 |           |       |
|     Using RX_REG only            |     0 |     0 |           |       |
|     Using Both TX_REG and RX_REG |     0 |     0 |           |       |
|   SLR1 -> SLR0                   |  6099 |       |           | 26.47 |
|     Using TX_REG only            |     0 |     0 |           |       |
|     Using RX_REG only            |     0 |     0 |           |       |
|     Using Both TX_REG and RX_REG |     0 |     0 |           |       |
+----------------------------------+-------+-------+-----------+-------+
| Total SLLs Used                  | 23520 |       |           |       |
+----------------------------------+-------+-------+-----------+-------+


2. SLR Connectivity Matrix
--------------------------

+-----------+------+------+------+
| FROM \ TO | SLR2 | SLR1 | SLR0 |
+-----------+------+------+------+
| SLR2      |    0 | 4070 |  100 |
| SLR1      | 5379 |    0 | 5999 |
| SLR0      |   64 | 7744 |    0 |
+-----------+------+------+------+


3. SLR CLB Logic and Dedicated Block Utilization
------------------------------------------------

+----------------------------+--------+--------+--------+--------+--------+--------+
|          Site Type         |  SLR0  |  SLR1  |  SLR2  | SLR0 % | SLR1 % | SLR2 % |
+----------------------------+--------+--------+--------+--------+--------+--------+
| CLB                        |  31891 |  30790 |  19687 |  58.03 |  57.02 |  36.46 |
|   CLBL                     |  16627 |  16260 |  10337 |  56.79 |  55.53 |  35.30 |
|   CLBM                     |  15264 |  14530 |   9350 |  59.44 |  58.78 |  37.82 |
| CLB LUTs                   | 112139 | 123985 |  88556 |  25.50 |  28.70 |  20.50 |
|   LUT as Logic             |  93987 | 108502 |  74654 |  21.38 |  25.12 |  17.28 |
|     using O5 output only   |   1863 |   1595 |   1095 |   0.42 |   0.37 |   0.25 |
|     using O6 output only   |  72964 |  81856 |  55540 |  16.59 |  18.95 |  12.86 |
|     using O5 and O6        |  19160 |  25051 |  18019 |   4.36 |   5.80 |   4.17 |
|   LUT as Memory            |  18152 |  15483 |  13902 |   8.84 |   7.83 |   7.03 |
|     LUT as Distributed RAM |   8020 |   8684 |   5192 |   3.90 |   4.39 |   2.63 |
|       using O6 output only |    272 |    406 |     16 |   0.13 |   0.21 |  <0.01 |
|       using O5 and O6      |   7748 |   8278 |   5176 |   3.77 |   4.19 |   2.62 |
|     LUT as Shift Register  |  10132 |   6799 |   8710 |   4.93 |   3.44 |   4.40 |
|       using O6 output only |   7838 |   5473 |   7429 |   3.82 |   2.77 |   3.76 |
|       using O5 and O6      |   2294 |   1326 |   1281 |   1.12 |   0.67 |   0.65 |
| CLB Registers              | 192608 | 185782 | 120593 |  21.90 |  21.50 |  13.96 |
| CARRY8                     |   1638 |   1602 |   1115 |   2.98 |   2.97 |   2.06 |
| F7 Muxes                   |   4890 |   3441 |   4654 |   2.22 |   1.59 |   2.15 |
| F8 Muxes                   |    400 |    379 |    108 |   0.36 |   0.35 |   0.10 |
| F9 Muxes                   |      0 |      0 |      0 |   0.00 |   0.00 |   0.00 |
| Block RAM Tile             |  258.5 |    206 |    168 |  38.47 |  30.65 |  25.00 |
|   RAMB36/FIFO              |    244 |    200 |    162 |  36.31 |  29.76 |  24.11 |
|   RAMB18                   |     29 |     12 |     12 |   2.16 |   0.89 |   0.89 |
| URAM                       |    128 |     64 |     64 |  40.00 |  20.00 |  20.00 |
| DSPs                       |      0 |      0 |      4 |   0.00 |   0.00 |   0.13 |
| Unique Control Sets        |   3736 |   5018 |   2611 |   3.40 |   4.65 |   2.42 |
+----------------------------+--------+--------+--------+--------+--------+--------+
* Note: Available Control Sets based on CLB Registers / 8


4. SLR IO Utilization
---------------------

+-----------+-----------+---------+------------+----------+------------+----------+-----+
| SLR Index | Used IOBs | (%)IOBs | Used IPADs | (%)IPADs | Used OPADs | (%)OPADs | GTs |
+-----------+-----------+---------+------------+----------+------------+----------+-----+
| SLR2      |         0 |    0.00 |          0 |     0.00 |          0 |     0.00 |   0 |
| SLR1      |         0 |    0.00 |          0 |     0.00 |          0 |     0.00 |   0 |
| SLR0      |        12 |    5.77 |          0 |     0.00 |          0 |     0.00 |  16 |
+-----------+-----------+---------+------------+----------+------------+----------+-----+
| Total     |        12 |         |          0 |          |          0 |          |  16 |
+-----------+-----------+---------+------------+----------+------------+----------+-----+


