Copyright 1986-2022 Xilinx, Inc. All Rights Reserved. Copyright 2022-2024 Advanced Micro Devices, Inc. All Rights Reserved.
-------------------------------------------------------------------------------------------------------------------------------------------------------------------------------------------------------------------------------------------------------------------------------------------------------------------------------------------------------------------------------------------------------------------------------------------------------------------------------------------------------------------------------------------------------------------------------------------------------------------------------------------------------------------------------------------------------------------------------------------------------------------------------------------------------------------------------------------------------------------------------------------------------------------------------------------------------------------------------------------------------------------------------------------------------------------------------------------------------------------------------------------------------------------------------------------------------------------------------------------------------------------------------------------------------------------------------------------------------------------------------------------------------------------------------------------------------------------------------------------------------------------------------------------------------------------------------------------------------------------------------------------------------------------------------------
| Tool Version : Vivado v.2024.1 (lin64) Build 5076996 Wed May 22 18:36:09 MDT 2024
| Date         : Thu Aug  6 22:07:29 2026
| Host         : trifoliate running 64-bit Debian GNU/Linux trixie/sid
| Command      : report_accelerator_utilization -kernels { bin_search:level0_i/ulp/bin_search_1/inst:bin_search_1 bin_search:level0_i/ulp/bin_search_2/inst:bin_search_2 bin_search:level0_i/ulp/bin_search_3/inst:bin_search_3 bin_search:level0_i/ulp/bin_search_4/inst:bin_search_4 dispatch:level0_i/ulp/dispatch_1/inst:dispatch_1 kernelApply:level0_i/ulp/kernelApply_1/inst:kernelApply_1 kernelHBMWrapper:level0_i/ulp/kernelHBMWrapper_1/inst:kernelHBMWrapper_1 kernelLittleGSMerger:level0_i/ulp/kernelLittleGSMerger_1/inst:kernelLittleGSMerger_1 lksg_stream:level0_i/ulp/lksg_stream_1/inst:lksg_stream_1 lksg_stream:level0_i/ulp/lksg_stream_2/inst:lksg_stream_2 lksg_stream:level0_i/ulp/lksg_stream_3/inst:lksg_stream_3 lksg_stream:level0_i/ulp/lksg_stream_4/inst:lksg_stream_4 pma_completion_barrier:level0_i/ulp/pma_completion_barrier_1/inst:pma_completion_barrier_1 pma_to_regraph_adapter:level0_i/ulp/pma_to_regraph_adapter_1/inst:pma_to_regraph_adapter_1 pma_to_regraph_adapter:level0_i/ulp/pma_to_regraph_adapter_2/inst:pma_to_regraph_adapter_2 pma_to_regraph_adapter:level0_i/ulp/pma_to_regraph_adapter_3/inst:pma_to_regraph_adapter_3 pma_to_regraph_adapter:level0_i/ulp/pma_to_regraph_adapter_4/inst:pma_to_regraph_adapter_4 process_cache:level0_i/ulp/process_cache_1/inst:process_cache_1 process_cache:level0_i/ulp/process_cache_2/inst:process_cache_2 process_ddr:level0_i/ulp/process_ddr_1/inst:process_ddr_1 process_ddr:level0_i/ulp/process_ddr_2/inst:process_ddr_2 regraph_frontend_mux:level0_i/ulp/regraph_frontend_mux_1/inst:regraph_frontend_mux_1} -file kernel_util_routed.rpt -name kernel_util_routed -json
| Design       : level0_wrapper
| Device       : xcu55c
| Design State : Routed
-------------------------------------------------------------------------------------------------------------------------------------------------------------------------------------------------------------------------------------------------------------------------------------------------------------------------------------------------------------------------------------------------------------------------------------------------------------------------------------------------------------------------------------------------------------------------------------------------------------------------------------------------------------------------------------------------------------------------------------------------------------------------------------------------------------------------------------------------------------------------------------------------------------------------------------------------------------------------------------------------------------------------------------------------------------------------------------------------------------------------------------------------------------------------------------------------------------------------------------------------------------------------------------------------------------------------------------------------------------------------------------------------------------------------------------------------------------------------------------------------------------------------------------------------------------------------------------------------------------------------------------------------------------------------------------

Accelerator Utilization Design Information

Table of Contents
-----------------
1. System Utilization

1. System Utilization
---------------------

+-----------------------------+-------------------+------------------+-------------------+----------------+---------------+----------------+
| Name                        | LUT               | LUTAsMem         | REG               | BRAM           | URAM          | DSP            |
+-----------------------------+-------------------+------------------+-------------------+----------------+---------------+----------------+
| Platform                    |  172805 [ 13.26%] |  31745 [  5.28%] |  323444 [ 12.41%] |  200 [  9.92%] |   0 [  0.00%] |    4 [  0.04%] |
| User Budget                 | 1130875 [100.00%] | 569215 [100.00%] | 2283916 [100.00%] | 1816 [100.00%] | 960 [100.00%] | 9020 [100.00%] |
|    Used Resources           |  151950 [ 13.44%] |  15792 [  2.77%] |  175539 [  7.69%] |  429 [ 23.62%] | 256 [ 26.67%] |    0 [  0.00%] |
|    Unused Resources         |  978925 [ 86.56%] | 553423 [ 97.23%] | 2108377 [ 92.31%] | 1387 [ 76.38%] | 704 [ 73.33%] | 9020 [100.00%] |
| bin_search                  |   10374 [  0.92%] |   1604 [  0.28%] |   13452 [  0.59%] |    8 [  0.44%] |   0 [  0.00%] |    0 [  0.00%] |
|    bin_search_1             |    2593 [  0.23%] |    401 [  0.07%] |    3363 [  0.15%] |    2 [  0.11%] |   0 [  0.00%] |    0 [  0.00%] |
|    bin_search_2             |    2594 [  0.23%] |    401 [  0.07%] |    3363 [  0.15%] |    2 [  0.11%] |   0 [  0.00%] |    0 [  0.00%] |
|    bin_search_3             |    2593 [  0.23%] |    401 [  0.07%] |    3363 [  0.15%] |    2 [  0.11%] |   0 [  0.00%] |    0 [  0.00%] |
|    bin_search_4             |    2594 [  0.23%] |    401 [  0.07%] |    3363 [  0.15%] |    2 [  0.11%] |   0 [  0.00%] |    0 [  0.00%] |
| dispatch                    |    1116 [  0.10%] |      0 [  0.00%] |    1837 [  0.08%] |    0 [  0.00%] |   0 [  0.00%] |    0 [  0.00%] |
|    dispatch_1               |    1116 [  0.10%] |      0 [  0.00%] |    1837 [  0.08%] |    0 [  0.00%] |   0 [  0.00%] |    0 [  0.00%] |
| kernelApply                 |    7900 [  0.70%] |   2256 [  0.40%] |   10708 [  0.47%] |   15 [  0.83%] |   0 [  0.00%] |    0 [  0.00%] |
|    kernelApply_1            |    7900 [  0.70%] |   2256 [  0.40%] |   10708 [  0.47%] |   15 [  0.83%] |   0 [  0.00%] |    0 [  0.00%] |
| kernelHBMWrapper            |   14540 [  1.29%] |   1520 [  0.27%] |   24550 [  1.07%] |   46 [  2.53%] |   0 [  0.00%] |    0 [  0.00%] |
|    kernelHBMWrapper_1       |   14540 [  1.29%] |   1520 [  0.27%] |   24550 [  1.07%] |   46 [  2.53%] |   0 [  0.00%] |    0 [  0.00%] |
| kernelLittleGSMerger        |    1115 [  0.10%] |      0 [  0.00%] |    2231 [  0.10%] |    0 [  0.00%] |   0 [  0.00%] |    0 [  0.00%] |
|    kernelLittleGSMerger_1   |    1115 [  0.10%] |      0 [  0.00%] |    2231 [  0.10%] |    0 [  0.00%] |   0 [  0.00%] |    0 [  0.00%] |
| lksg_stream                 |   46418 [  4.10%] |   4716 [  0.83%] |   54440 [  2.38%] |  240 [ 13.22%] | 256 [ 26.67%] |    0 [  0.00%] |
|    lksg_stream_1            |   11603 [  1.03%] |   1179 [  0.21%] |   13610 [  0.60%] |   60 [  3.30%] |  64 [  6.67%] |    0 [  0.00%] |
|    lksg_stream_2            |   11604 [  1.03%] |   1179 [  0.21%] |   13610 [  0.60%] |   60 [  3.30%] |  64 [  6.67%] |    0 [  0.00%] |
|    lksg_stream_3            |   11605 [  1.03%] |   1179 [  0.21%] |   13610 [  0.60%] |   60 [  3.30%] |  64 [  6.67%] |    0 [  0.00%] |
|    lksg_stream_4            |   11606 [  1.03%] |   1179 [  0.21%] |   13610 [  0.60%] |   60 [  3.30%] |  64 [  6.67%] |    0 [  0.00%] |
| pma_completion_barrier      |      42 [ <0.01%] |      0 [  0.00%] |      53 [ <0.01%] |    0 [  0.00%] |   0 [  0.00%] |    0 [  0.00%] |
|    pma_completion_barrier_1 |      42 [ <0.01%] |      0 [  0.00%] |      53 [ <0.01%] |    0 [  0.00%] |   0 [  0.00%] |    0 [  0.00%] |
| pma_to_regraph_adapter      |   21959 [  1.94%] |    972 [  0.17%] |   24610 [  1.08%] |   28 [  1.54%] |   0 [  0.00%] |    0 [  0.00%] |
|    pma_to_regraph_adapter_1 |    5489 [  0.49%] |    243 [  0.04%] |    6153 [  0.27%] |    7 [  0.39%] |   0 [  0.00%] |    0 [  0.00%] |
|    pma_to_regraph_adapter_2 |    5491 [  0.49%] |    243 [  0.04%] |    6152 [  0.27%] |    7 [  0.39%] |   0 [  0.00%] |    0 [  0.00%] |
|    pma_to_regraph_adapter_3 |    5489 [  0.49%] |    243 [  0.04%] |    6153 [  0.27%] |    7 [  0.39%] |   0 [  0.00%] |    0 [  0.00%] |
|    pma_to_regraph_adapter_4 |    5490 [  0.49%] |    243 [  0.04%] |    6152 [  0.27%] |    7 [  0.39%] |   0 [  0.00%] |    0 [  0.00%] |
| process_cache               |   13284 [  1.17%] |   1224 [  0.22%] |   10134 [  0.44%] |   30 [  1.65%] |   0 [  0.00%] |    0 [  0.00%] |
|    process_cache_1          |    6640 [  0.59%] |    612 [  0.11%] |    5071 [  0.22%] |   15 [  0.83%] |   0 [  0.00%] |    0 [  0.00%] |
|    process_cache_2          |    6644 [  0.59%] |    612 [  0.11%] |    5063 [  0.22%] |   15 [  0.83%] |   0 [  0.00%] |    0 [  0.00%] |
| process_ddr                 |   34500 [  3.05%] |   3500 [  0.61%] |   32550 [  1.43%] |   62 [  3.41%] |   0 [  0.00%] |    0 [  0.00%] |
|    process_ddr_1            |   17257 [  1.53%] |   1750 [  0.31%] |   16275 [  0.71%] |   31 [  1.71%] |   0 [  0.00%] |    0 [  0.00%] |
|    process_ddr_2            |   17243 [  1.52%] |   1750 [  0.31%] |   16275 [  0.71%] |   31 [  1.71%] |   0 [  0.00%] |    0 [  0.00%] |
| regraph_frontend_mux        |     702 [  0.06%] |      0 [  0.00%] |     974 [  0.04%] |    0 [  0.00%] |   0 [  0.00%] |    0 [  0.00%] |
|    regraph_frontend_mux_1   |     702 [  0.06%] |      0 [  0.00%] |     974 [  0.04%] |    0 [  0.00%] |   0 [  0.00%] |    0 [  0.00%] |
+-----------------------------+-------------------+------------------+-------------------+----------------+---------------+----------------+


